14:52:46 **** Incremental Build of configuration Debug for project lab4 ****
make all 
'Building target: lab4.elf'
'Invoking: ARM gcc linker'
arm-xilinx-eabi-gcc -Wl,-T -Wl,../src/lscript.ld -L../../lab4_bsp/ps7_cortexa9_0/lib -o "lab4.elf"  ./src/lab4.o   -Wl,--start-group,-lxil,-lgcc,-lc,--end-group
c:/users/xlinux/sdk/2015.2/gnu/arm/nt/bin/../lib/gcc/arm-xilinx-eabi/4.9.1/../../../../arm-xilinx-eabi/bin/ld.exe: address 0x40008000 of lab4.elf section `.mmu_tbl' is not within region `axi_bram_ctrl_0_S_AXI_BASEADDR'
c:/users/xlinux/sdk/2015.2/gnu/arm/nt/bin/../lib/gcc/arm-xilinx-eabi/4.9.1/../../../../arm-xilinx-eabi/bin/ld.exe: lab4.elf section `.init_array' will not fit in region `axi_bram_ctrl_0_S_AXI_BASEADDR'
c:/users/xlinux/sdk/2015.2/gnu/arm/nt/bin/../lib/gcc/arm-xilinx-eabi/4.9.1/../../../../arm-xilinx-eabi/bin/ld.exe: address 0x40008000 of lab4.elf section `.mmu_tbl' is not within region `axi_bram_ctrl_0_S_AXI_BASEADDR'
c:/users/xlinux/sdk/2015.2/gnu/arm/nt/bin/../lib/gcc/arm-xilinx-eabi/4.9.1/../../../../arm-xilinx-eabi/bin/ld.exe: address 0x40008000 of lab4.elf section `.mmu_tbl' is not within region `axi_bram_ctrl_0_S_AXI_BASEADDR'
c:/users/xlinux/sdk/2015.2/gnu/arm/nt/bin/../lib/gcc/arm-xilinx-eabi/4.9.1/../../../../arm-xilinx-eabi/bin/ld.exe: region `axi_bram_ctrl_0_S_AXI_BASEADDR' overflowed by 32832 bytes
collect2.exe: error: ld returned 1 exit status
make: *** [lab4.elf] ¥ÌŒÛ 1
14:52:53 **** Incremental Build of configuration Debug for project lab4 ****
make all 
'Building target: lab4.elf'
'Invoking: ARM gcc linker'
arm-xilinx-eabi-gcc -Wl,-T -Wl,../src/lscript.ld -L../../lab4_bsp/ps7_cortexa9_0/lib -o "lab4.elf"  ./src/lab4.o   -Wl,--start-group,-lxil,-lgcc,-lc,--end-group
c:/users/xlinux/sdk/2015.2/gnu/arm/nt/bin/../lib/gcc/arm-xilinx-eabi/4.9.1/../../../../arm-xilinx-eabi/bin/ld.exe: address 0x40008000 of lab4.elf section `.mmu_tbl' is not within region `axi_bram_ctrl_0_S_AXI_BASEADDR'
c:/users/xlinux/sdk/2015.2/gnu/arm/nt/bin/../lib/gcc/arm-xilinx-eabi/4.9.1/../../../../arm-xilinx-eabi/bin/ld.exe: lab4.elf section `.init_array' will not fit in region `axi_bram_ctrl_0_S_AXI_BASEADDR'
c:/users/xlinux/sdk/2015.2/gnu/arm/nt/bin/../lib/gcc/arm-xilinx-eabi/4.9.1/../../../../arm-xilinx-eabi/bin/ld.exe: address 0x40008000 of lab4.elf section `.mmu_tbl' is not within region `axi_bram_ctrl_0_S_AXI_BASEADDR'
c:/users/xlinux/sdk/2015.2/gnu/arm/nt/bin/../lib/gcc/arm-xilinx-eabi/4.9.1/../../../../arm-xilinx-eabi/bin/ld.exe: address 0x40008000 of lab4.elf section `.mmu_tbl' is not within region `axi_bram_ctrl_0_S_AXI_BASEADDR'
c:/users/xlinux/sdk/2015.2/gnu/arm/nt/bin/../lib/gcc/arm-xilinx-eabi/4.9.1/../../../../arm-xilinx-eabi/bin/ld.exe: region `axi_bram_ctrl_0_S_AXI_BASEADDR' overflowed by 32832 bytes
collect2.exe: error: ld returned 1 exit status
make: *** [lab4.elf] ¥ÌŒÛ 1
14:53:46 **** Build of project lab4_bsp ****
make -k all 
"Running Make include in ps7_cortexa9_0/libsrc/bram_v4_0/src"
make -C ps7_cortexa9_0/libsrc/bram_v4_0/src -s include  "SHELL=CMD" "COMPILER=arm-xilinx-eabi-gcc" "ARCHIVER=arm-xilinx-eabi-ar" "COMPILER_FLAGS=  -O2 -c" "EXTRA_COMPILER_FLAGS=-g"
"Running Make include in ps7_cortexa9_0/libsrc/coresightps_dcc_v1_0/src"
make -C ps7_cortexa9_0/libsrc/coresightps_dcc_v1_0/src -s include  "SHELL=CMD" "COMPILER=arm-xilinx-eabi-gcc" "ARCHIVER=arm-xilinx-eabi-ar" "COMPILER_FLAGS=  -O2 -c" "EXTRA_COMPILER_FLAGS=-g"
"Running Make include in ps7_cortexa9_0/libsrc/cpu_cortexa9_v2_1/src"
make -C ps7_cortexa9_0/libsrc/cpu_cortexa9_v2_1/src -s include  "SHELL=CMD" "COMPILER=arm-xilinx-eabi-gcc" "ARCHIVER=arm-xilinx-eabi-ar" "COMPILER_FLAGS=  -O2 -c" "EXTRA_COMPILER_FLAGS=-g"
"Running Make include in ps7_cortexa9_0/libsrc/devcfg_v3_3/src"
make -C ps7_cortexa9_0/libsrc/devcfg_v3_3/src -s include  "SHELL=CMD" "COMPILER=arm-xilinx-eabi-gcc" "ARCHIVER=arm-xilinx-eabi-ar" "COMPILER_FLAGS=  -O2 -c" "EXTRA_COMPILER_FLAGS=-g"
"Running Make include in ps7_cortexa9_0/libsrc/dmaps_v2_1/src"
make -C ps7_cortexa9_0/libsrc/dmaps_v2_1/src -s include  "SHELL=CMD" "COMPILER=arm-xilinx-eabi-gcc" "ARCHIVER=arm-xilinx-eabi-ar" "COMPILER_FLAGS=  -O2 -c" "EXTRA_COMPILER_FLAGS=-g"
"Running Make include in ps7_cortexa9_0/libsrc/gpio_v4_0/src"
make -C ps7_cortexa9_0/libsrc/gpio_v4_0/src -s include  "SHELL=CMD" "COMPILER=arm-xilinx-eabi-gcc" "ARCHIVER=arm-xilinx-eabi-ar" "COMPILER_FLAGS=  -O2 -c" "EXTRA_COMPILER_FLAGS=-g"
"Running Make include in ps7_cortexa9_0/libsrc/gpiops_v3_0/src"
make -C ps7_cortexa9_0/libsrc/gpiops_v3_0/src -s include  "SHELL=CMD" "COMPILER=arm-xilinx-eabi-gcc" "ARCHIVER=arm-xilinx-eabi-ar" "COMPILER_FLAGS=  -O2 -c" "EXTRA_COMPILER_FLAGS=-g"
"Running Make include in ps7_cortexa9_0/libsrc/led_ip_v1_0/src"
make -C ps7_cortexa9_0/libsrc/led_ip_v1_0/src -s include  "SHELL=CMD" "COMPILER=arm-xilinx-eabi-gcc" "ARCHIVER=arm-xilinx-eabi-ar" "COMPILER_FLAGS=  -O2 -c" "EXTRA_COMPILER_FLAGS=-g"
"Running Make include in ps7_cortexa9_0/libsrc/scugic_v3_0/src"
make -C ps7_cortexa9_0/libsrc/scugic_v3_0/src -s include  "SHELL=CMD" "COMPILER=arm-xilinx-eabi-gcc" "ARCHIVER=arm-xilinx-eabi-ar" "COMPILER_FLAGS=  -O2 -c" "EXTRA_COMPILER_FLAGS=-g"
"Running Make include in ps7_cortexa9_0/libsrc/scutimer_v2_1/src"
make -C ps7_cortexa9_0/libsrc/scutimer_v2_1/src -s include  "SHELL=CMD" "COMPILER=arm-xilinx-eabi-gcc" "ARCHIVER=arm-xilinx-eabi-ar" "COMPILER_FLAGS=  -O2 -c" "EXTRA_COMPILER_FLAGS=-g"
"Running Make include in ps7_cortexa9_0/libsrc/scuwdt_v2_1/src"
make -C ps7_cortexa9_0/libsrc/scuwdt_v2_1/src -s include  "SHELL=CMD" "COMPILER=arm-xilinx-eabi-gcc" "ARCHIVER=arm-xilinx-eabi-ar" "COMPILER_FLAGS=  -O2 -c" "EXTRA_COMPILER_FLAGS=-g"
"Running Make include in ps7_cortexa9_0/libsrc/standalone_v5_1/src"
make -C ps7_cortexa9_0/libsrc/standalone_v5_1/src -s include  "SHELL=CMD" "COMPILER=arm-xilinx-eabi-gcc" "ARCHIVER=arm-xilinx-eabi-ar" "COMPILER_FLAGS=  -O2 -c" "EXTRA_COMPILER_FLAGS=-g"
"Running Make include in ps7_cortexa9_0/libsrc/uartps_v3_0/src"
make -C ps7_cortexa9_0/libsrc/uartps_v3_0/src -s include  "SHELL=CMD" "COMPILER=arm-xilinx-eabi-gcc" "ARCHIVER=arm-xilinx-eabi-ar" "COMPILER_FLAGS=  -O2 -c" "EXTRA_COMPILER_FLAGS=-g"
"Running Make include in ps7_cortexa9_0/libsrc/xadcps_v2_2/src"
make -C ps7_cortexa9_0/libsrc/xadcps_v2_2/src -s include  "SHELL=CMD" "COMPILER=arm-xilinx-eabi-gcc" "ARCHIVER=arm-xilinx-eabi-ar" "COMPILER_FLAGS=  -O2 -c" "EXTRA_COMPILER_FLAGS=-g"
"Running Make libs in ps7_cortexa9_0/libsrc/bram_v4_0/src"
make -C ps7_cortexa9_0/libsrc/bram_v4_0/src -s libs  "SHELL=CMD" "COMPILER=arm-xilinx-eabi-gcc" "ARCHIVER=arm-xilinx-eabi-ar" "COMPILER_FLAGS=  -O2 -c" "EXTRA_COMPILER_FLAGS=-g"
"Compiling bram"
arm-xilinx-eabi-ar: creating ../../../lib/libxil.a
"Running Make libs in ps7_cortexa9_0/libsrc/coresightps_dcc_v1_0/src"
make -C ps7_cortexa9_0/libsrc/coresightps_dcc_v1_0/src -s libs  "SHELL=CMD" "COMPILER=arm-xilinx-eabi-gcc" "ARCHIVER=arm-xilinx-eabi-ar" "COMPILER_FLAGS=  -O2 -c" "EXTRA_COMPILER_FLAGS=-g"
"Compiling coresightps_dcc"
"Running Make libs in ps7_cortexa9_0/libsrc/cpu_cortexa9_v2_1/src"
make -C ps7_cortexa9_0/libsrc/cpu_cortexa9_v2_1/src -s libs  "SHELL=CMD" "COMPILER=arm-xilinx-eabi-gcc" "ARCHIVER=arm-xilinx-eabi-ar" "COMPILER_FLAGS=  -O2 -c" "EXTRA_COMPILER_FLAGS=-g"
"Compiling cpu_cortexa9"
"Running Make libs in ps7_cortexa9_0/libsrc/devcfg_v3_3/src"
make -C ps7_cortexa9_0/libsrc/devcfg_v3_3/src -s libs  "SHELL=CMD" "COMPILER=arm-xilinx-eabi-gcc" "ARCHIVER=arm-xilinx-eabi-ar" "COMPILER_FLAGS=  -O2 -c" "EXTRA_COMPILER_FLAGS=-g"
"Compiling devcfg"
"Running Make libs in ps7_cortexa9_0/libsrc/dmaps_v2_1/src"
make -C ps7_cortexa9_0/libsrc/dmaps_v2_1/src -s libs  "SHELL=CMD" "COMPILER=arm-xilinx-eabi-gcc" "ARCHIVER=arm-xilinx-eabi-ar" "COMPILER_FLAGS=  -O2 -c" "EXTRA_COMPILER_FLAGS=-g"
"Compiling dmaps"
"Running Make libs in ps7_cortexa9_0/libsrc/gpio_v4_0/src"
make -C ps7_cortexa9_0/libsrc/gpio_v4_0/src -s libs  "SHELL=CMD" "COMPILER=arm-xilinx-eabi-gcc" "ARCHIVER=arm-xilinx-eabi-ar" "COMPILER_FLAGS=  -O2 -c" "EXTRA_COMPILER_FLAGS=-g"
"Compiling gpio"
"Running Make libs in ps7_cortexa9_0/libsrc/gpiops_v3_0/src"
make -C ps7_cortexa9_0/libsrc/gpiops_v3_0/src -s libs  "SHELL=CMD" "COMPILER=arm-xilinx-eabi-gcc" "ARCHIVER=arm-xilinx-eabi-ar" "COMPILER_FLAGS=  -O2 -c" "EXTRA_COMPILER_FLAGS=-g"
"Compiling gpiops"
"Running Make libs in ps7_cortexa9_0/libsrc/led_ip_v1_0/src"
make -C ps7_cortexa9_0/libsrc/led_ip_v1_0/src -s libs  "SHELL=CMD" "COMPILER=arm-xilinx-eabi-gcc" "ARCHIVER=arm-xilinx-eabi-ar" "COMPILER_FLAGS=  -O2 -c" "EXTRA_COMPILER_FLAGS=-g"
"Compiling led_ip..."
"Running Make libs in ps7_cortexa9_0/libsrc/scugic_v3_0/src"
make -C ps7_cortexa9_0/libsrc/scugic_v3_0/src -s libs  "SHELL=CMD" "COMPILER=arm-xilinx-eabi-gcc" "ARCHIVER=arm-xilinx-eabi-ar" "COMPILER_FLAGS=  -O2 -c" "EXTRA_COMPILER_FLAGS=-g"
"Compiling scugic"
"Running Make libs in ps7_cortexa9_0/libsrc/scutimer_v2_1/src"
make -C ps7_cortexa9_0/libsrc/scutimer_v2_1/src -s libs  "SHELL=CMD" "COMPILER=arm-xilinx-eabi-gcc" "ARCHIVER=arm-xilinx-eabi-ar" "COMPILER_FLAGS=  -O2 -c" "EXTRA_COMPILER_FLAGS=-g"
"Compiling scutimer"
"Running Make libs in ps7_cortexa9_0/libsrc/scuwdt_v2_1/src"
make -C ps7_cortexa9_0/libsrc/scuwdt_v2_1/src -s libs  "SHELL=CMD" "COMPILER=arm-xilinx-eabi-gcc" "ARCHIVER=arm-xilinx-eabi-ar" "COMPILER_FLAGS=  -O2 -c" "EXTRA_COMPILER_FLAGS=-g"
"Compiling scuwdt"
"Running Make libs in ps7_cortexa9_0/libsrc/standalone_v5_1/src"
make -C ps7_cortexa9_0/libsrc/standalone_v5_1/src -s libs  "SHELL=CMD" "COMPILER=arm-xilinx-eabi-gcc" "ARCHIVER=arm-xilinx-eabi-ar" "COMPILER_FLAGS=  -O2 -c" "EXTRA_COMPILER_FLAGS=-g"
"Compiling standalone"
"Running Make libs in ps7_cortexa9_0/libsrc/uartps_v3_0/src"
make -C ps7_cortexa9_0/libsrc/uartps_v3_0/src -s libs  "SHELL=CMD" "COMPILER=arm-xilinx-eabi-gcc" "ARCHIVER=arm-xilinx-eabi-ar" "COMPILER_FLAGS=  -O2 -c" "EXTRA_COMPILER_FLAGS=-g"
"Compiling uartps"
"Running Make libs in ps7_cortexa9_0/libsrc/xadcps_v2_2/src"
make -C ps7_cortexa9_0/libsrc/xadcps_v2_2/src -s libs  "SHELL=CMD" "COMPILER=arm-xilinx-eabi-gcc" "ARCHIVER=arm-xilinx-eabi-ar" "COMPILER_FLAGS=  -O2 -c" "EXTRA_COMPILER_FLAGS=-g"
"Compiling xadcps"
'Finished building libraries'
14:54:55 **** Build of project lab4_bsp ****
make -k all 
"Running Make include in ps7_cortexa9_0/libsrc/bram_v4_0/src"
make -C ps7_cortexa9_0/libsrc/bram_v4_0/src -s include  "SHELL=CMD" "COMPILER=arm-xilinx-eabi-gcc" "ARCHIVER=arm-xilinx-eabi-ar" "COMPILER_FLAGS=  -O2 -c" "EXTRA_COMPILER_FLAGS=-g"
"Running Make include in ps7_cortexa9_0/libsrc/coresightps_dcc_v1_0/src"
make -C ps7_cortexa9_0/libsrc/coresightps_dcc_v1_0/src -s include  "SHELL=CMD" "COMPILER=arm-xilinx-eabi-gcc" "ARCHIVER=arm-xilinx-eabi-ar" "COMPILER_FLAGS=  -O2 -c" "EXTRA_COMPILER_FLAGS=-g"
"Running Make include in ps7_cortexa9_0/libsrc/cpu_cortexa9_v2_1/src"
make -C ps7_cortexa9_0/libsrc/cpu_cortexa9_v2_1/src -s include  "SHELL=CMD" "COMPILER=arm-xilinx-eabi-gcc" "ARCHIVER=arm-xilinx-eabi-ar" "COMPILER_FLAGS=  -O2 -c" "EXTRA_COMPILER_FLAGS=-g"
"Running Make include in ps7_cortexa9_0/libsrc/devcfg_v3_3/src"
make -C ps7_cortexa9_0/libsrc/devcfg_v3_3/src -s include  "SHELL=CMD" "COMPILER=arm-xilinx-eabi-gcc" "ARCHIVER=arm-xilinx-eabi-ar" "COMPILER_FLAGS=  -O2 -c" "EXTRA_COMPILER_FLAGS=-g"
"Running Make include in ps7_cortexa9_0/libsrc/dmaps_v2_1/src"
make -C ps7_cortexa9_0/libsrc/dmaps_v2_1/src -s include  "SHELL=CMD" "COMPILER=arm-xilinx-eabi-gcc" "ARCHIVER=arm-xilinx-eabi-ar" "COMPILER_FLAGS=  -O2 -c" "EXTRA_COMPILER_FLAGS=-g"
"Running Make include in ps7_cortexa9_0/libsrc/gpio_v4_0/src"
make -C ps7_cortexa9_0/libsrc/gpio_v4_0/src -s include  "SHELL=CMD" "COMPILER=arm-xilinx-eabi-gcc" "ARCHIVER=arm-xilinx-eabi-ar" "COMPILER_FLAGS=  -O2 -c" "EXTRA_COMPILER_FLAGS=-g"
"Running Make include in ps7_cortexa9_0/libsrc/gpiops_v3_0/src"
make -C ps7_cortexa9_0/libsrc/gpiops_v3_0/src -s include  "SHELL=CMD" "COMPILER=arm-xilinx-eabi-gcc" "ARCHIVER=arm-xilinx-eabi-ar" "COMPILER_FLAGS=  -O2 -c" "EXTRA_COMPILER_FLAGS=-g"
"Running Make include in ps7_cortexa9_0/libsrc/led_ip_v1_0/src"
make -C ps7_cortexa9_0/libsrc/led_ip_v1_0/src -s include  "SHELL=CMD" "COMPILER=arm-xilinx-eabi-gcc" "ARCHIVER=arm-xilinx-eabi-ar" "COMPILER_FLAGS=  -O2 -c" "EXTRA_COMPILER_FLAGS=-g"
"Running Make include in ps7_cortexa9_0/libsrc/scugic_v3_0/src"
make -C ps7_cortexa9_0/libsrc/scugic_v3_0/src -s include  "SHELL=CMD" "COMPILER=arm-xilinx-eabi-gcc" "ARCHIVER=arm-xilinx-eabi-ar" "COMPILER_FLAGS=  -O2 -c" "EXTRA_COMPILER_FLAGS=-g"
"Running Make include in ps7_cortexa9_0/libsrc/scutimer_v2_1/src"
make -C ps7_cortexa9_0/libsrc/scutimer_v2_1/src -s include  "SHELL=CMD" "COMPILER=arm-xilinx-eabi-gcc" "ARCHIVER=arm-xilinx-eabi-ar" "COMPILER_FLAGS=  -O2 -c" "EXTRA_COMPILER_FLAGS=-g"
"Running Make include in ps7_cortexa9_0/libsrc/scuwdt_v2_1/src"
make -C ps7_cortexa9_0/libsrc/scuwdt_v2_1/src -s include  "SHELL=CMD" "COMPILER=arm-xilinx-eabi-gcc" "ARCHIVER=arm-xilinx-eabi-ar" "COMPILER_FLAGS=  -O2 -c" "EXTRA_COMPILER_FLAGS=-g"
"Running Make include in ps7_cortexa9_0/libsrc/standalone_v5_1/src"
make -C ps7_cortexa9_0/libsrc/standalone_v5_1/src -s include  "SHELL=CMD" "COMPILER=arm-xilinx-eabi-gcc" "ARCHIVER=arm-xilinx-eabi-ar" "COMPILER_FLAGS=  -O2 -c" "EXTRA_COMPILER_FLAGS=-g"
"Running Make include in ps7_cortexa9_0/libsrc/uartps_v3_0/src"
make -C ps7_cortexa9_0/libsrc/uartps_v3_0/src -s include  "SHELL=CMD" "COMPILER=arm-xilinx-eabi-gcc" "ARCHIVER=arm-xilinx-eabi-ar" "COMPILER_FLAGS=  -O2 -c" "EXTRA_COMPILER_FLAGS=-g"
"Running Make include in ps7_cortexa9_0/libsrc/xadcps_v2_2/src"
make -C ps7_cortexa9_0/libsrc/xadcps_v2_2/src -s include  "SHELL=CMD" "COMPILER=arm-xilinx-eabi-gcc" "ARCHIVER=arm-xilinx-eabi-ar" "COMPILER_FLAGS=  -O2 -c" "EXTRA_COMPILER_FLAGS=-g"
"Running Make libs in ps7_cortexa9_0/libsrc/bram_v4_0/src"
make -C ps7_cortexa9_0/libsrc/bram_v4_0/src -s libs  "SHELL=CMD" "COMPILER=arm-xilinx-eabi-gcc" "ARCHIVER=arm-xilinx-eabi-ar" "COMPILER_FLAGS=  -O2 -c" "EXTRA_COMPILER_FLAGS=-g"
"Compiling bram"
arm-xilinx-eabi-ar: creating ../../../lib/libxil.a
"Running Make libs in ps7_cortexa9_0/libsrc/coresightps_dcc_v1_0/src"
make -C ps7_cortexa9_0/libsrc/coresightps_dcc_v1_0/src -s libs  "SHELL=CMD" "COMPILER=arm-xilinx-eabi-gcc" "ARCHIVER=arm-xilinx-eabi-ar" "COMPILER_FLAGS=  -O2 -c" "EXTRA_COMPILER_FLAGS=-g"
"Compiling coresightps_dcc"
"Running Make libs in ps7_cortexa9_0/libsrc/cpu_cortexa9_v2_1/src"
make -C ps7_cortexa9_0/libsrc/cpu_cortexa9_v2_1/src -s libs  "SHELL=CMD" "COMPILER=arm-xilinx-eabi-gcc" "ARCHIVER=arm-xilinx-eabi-ar" "COMPILER_FLAGS=  -O2 -c" "EXTRA_COMPILER_FLAGS=-g"
"Compiling cpu_cortexa9"
"Running Make libs in ps7_cortexa9_0/libsrc/devcfg_v3_3/src"
make -C ps7_cortexa9_0/libsrc/devcfg_v3_3/src -s libs  "SHELL=CMD" "COMPILER=arm-xilinx-eabi-gcc" "ARCHIVER=arm-xilinx-eabi-ar" "COMPILER_FLAGS=  -O2 -c" "EXTRA_COMPILER_FLAGS=-g"
"Compiling devcfg"
"Running Make libs in ps7_cortexa9_0/libsrc/dmaps_v2_1/src"
make -C ps7_cortexa9_0/libsrc/dmaps_v2_1/src -s libs  "SHELL=CMD" "COMPILER=arm-xilinx-eabi-gcc" "ARCHIVER=arm-xilinx-eabi-ar" "COMPILER_FLAGS=  -O2 -c" "EXTRA_COMPILER_FLAGS=-g"
"Compiling dmaps"
"Running Make libs in ps7_cortexa9_0/libsrc/gpio_v4_0/src"
make -C ps7_cortexa9_0/libsrc/gpio_v4_0/src -s libs  "SHELL=CMD" "COMPILER=arm-xilinx-eabi-gcc" "ARCHIVER=arm-xilinx-eabi-ar" "COMPILER_FLAGS=  -O2 -c" "EXTRA_COMPILER_FLAGS=-g"
"Compiling gpio"
"Running Make libs in ps7_cortexa9_0/libsrc/gpiops_v3_0/src"
make -C ps7_cortexa9_0/libsrc/gpiops_v3_0/src -s libs  "SHELL=CMD" "COMPILER=arm-xilinx-eabi-gcc" "ARCHIVER=arm-xilinx-eabi-ar" "COMPILER_FLAGS=  -O2 -c" "EXTRA_COMPILER_FLAGS=-g"
"Compiling gpiops"
"Running Make libs in ps7_cortexa9_0/libsrc/led_ip_v1_0/src"
make -C ps7_cortexa9_0/libsrc/led_ip_v1_0/src -s libs  "SHELL=CMD" "COMPILER=arm-xilinx-eabi-gcc" "ARCHIVER=arm-xilinx-eabi-ar" "COMPILER_FLAGS=  -O2 -c" "EXTRA_COMPILER_FLAGS=-g"
"Compiling led_ip..."
"Running Make libs in ps7_cortexa9_0/libsrc/scugic_v3_0/src"
make -C ps7_cortexa9_0/libsrc/scugic_v3_0/src -s libs  "SHELL=CMD" "COMPILER=arm-xilinx-eabi-gcc" "ARCHIVER=arm-xilinx-eabi-ar" "COMPILER_FLAGS=  -O2 -c" "EXTRA_COMPILER_FLAGS=-g"
"Compiling scugic"
"Running Make libs in ps7_cortexa9_0/libsrc/scutimer_v2_1/src"
make -C ps7_cortexa9_0/libsrc/scutimer_v2_1/src -s libs  "SHELL=CMD" "COMPILER=arm-xilinx-eabi-gcc" "ARCHIVER=arm-xilinx-eabi-ar" "COMPILER_FLAGS=  -O2 -c" "EXTRA_COMPILER_FLAGS=-g"
"Compiling scutimer"
"Running Make libs in ps7_cortexa9_0/libsrc/scuwdt_v2_1/src"
make -C ps7_cortexa9_0/libsrc/scuwdt_v2_1/src -s libs  "SHELL=CMD" "COMPILER=arm-xilinx-eabi-gcc" "ARCHIVER=arm-xilinx-eabi-ar" "COMPILER_FLAGS=  -O2 -c" "EXTRA_COMPILER_FLAGS=-g"
"Compiling scuwdt"
"Running Make libs in ps7_cortexa9_0/libsrc/standalone_v5_1/src"
make -C ps7_cortexa9_0/libsrc/standalone_v5_1/src -s libs  "SHELL=CMD" "COMPILER=arm-xilinx-eabi-gcc" "ARCHIVER=arm-xilinx-eabi-ar" "COMPILER_FLAGS=  -O2 -c" "EXTRA_COMPILER_FLAGS=-g"
"Compiling standalone"
"Running Make libs in ps7_cortexa9_0/libsrc/uartps_v3_0/src"
make -C ps7_cortexa9_0/libsrc/uartps_v3_0/src -s libs  "SHELL=CMD" "COMPILER=arm-xilinx-eabi-gcc" "ARCHIVER=arm-xilinx-eabi-ar" "COMPILER_FLAGS=  -O2 -c" "EXTRA_COMPILER_FLAGS=-g"
"Compiling uartps"
"Running Make libs in ps7_cortexa9_0/libsrc/xadcps_v2_2/src"
make -C ps7_cortexa9_0/libsrc/xadcps_v2_2/src -s libs  "SHELL=CMD" "COMPILER=arm-xilinx-eabi-gcc" "ARCHIVER=arm-xilinx-eabi-ar" "COMPILER_FLAGS=  -O2 -c" "EXTRA_COMPILER_FLAGS=-g"
"Compiling xadcps"
'Finished building libraries'
14:55:19 **** Build of configuration Debug for project lab4 ****
make all 
'Building file: ../src/lab4.c'
'Invoking: ARM gcc compiler'
arm-xilinx-eabi-gcc -Wall -O0 -g3 -c -fmessage-length=0 -MT"src/lab4.o" -I../../lab4_bsp/ps7_cortexa9_0/include -MMD -MP -MF"src/lab4.d" -MT"src/lab4.d" -o "src/lab4.o" "../src/lab4.c"
../src/lab4.c: In function 'main':
../src/lab4.c:14:27: error: 'XPAR_DIP_DEVICE_ID' undeclared (first use in this function)
    XGpio_Initialize(&dip, XPAR_DIP_DEVICE_ID); // Modify this
                           ^
../src/lab4.c:14:27: note: each undeclared identifier is reported only once for each function it appears in
../src/lab4.c:17:28: error: 'XPAR_PUSH_DEVICE_ID' undeclared (first use in this function)
    XGpio_Initialize(&push, XPAR_PUSH_DEVICE_ID); // Modify this
                            ^
make: *** [src/lab4.o] ¥ÌŒÛ 1
14:55:40 **** Auto Build of configuration Debug for project lab4 ****
make all 
'Building file: ../src/lab4.c'
'Invoking: ARM gcc compiler'
arm-xilinx-eabi-gcc -Wall -O0 -g3 -c -fmessage-length=0 -MT"src/lab4.o" -I../../lab4_bsp/ps7_cortexa9_0/include -MMD -MP -MF"src/lab4.d" -MT"src/lab4.d" -o "src/lab4.o" "../src/lab4.c"
'Finished building: ../src/lab4.c'
' '
'Building target: lab4.elf'
'Invoking: ARM gcc linker'
arm-xilinx-eabi-gcc -Wl,-T -Wl,../src/lscript.ld -L../../lab4_bsp/ps7_cortexa9_0/lib -o "lab4.elf"  ./src/lab4.o   -Wl,--start-group,-lxil,-lgcc,-lc,--end-group
'Finished building target: lab4.elf'
' '
'Invoking: ARM Print Size'
arm-xilinx-eabi-size lab4.elf  |tee "lab4.elf.size"
   text	   data	    bss	    dec	    hex	filename
  23796	   1184	  22580	  47560	   b9c8	lab4.elf
'Finished building: lab4.elf.size'
' '
14:55:56 **** Clean-only build of configuration Debug for project lab4 ****
make clean 
rm -rf  ./src/lab4.o  ./src/lab4.d  lab4.elf.size  lab4.elf
' '
14:55:57 **** Auto Build of configuration Debug for project lab4 ****
make all 
'Building file: ../src/lab4.c'
'Invoking: ARM gcc compiler'
arm-xilinx-eabi-gcc -Wall -O0 -g3 -c -fmessage-length=0 -MT"src/lab4.o" -I../../lab4_bsp/ps7_cortexa9_0/include -MMD -MP -MF"src/lab4.d" -MT"src/lab4.d" -o "src/lab4.o" "../src/lab4.c"
'Finished building: ../src/lab4.c'
' '
'Building target: lab4.elf'
'Invoking: ARM gcc linker'
arm-xilinx-eabi-gcc -Wl,-T -Wl,../src/lscript.ld -L../../lab4_bsp/ps7_cortexa9_0/lib -o "lab4.elf"  ./src/lab4.o   -Wl,--start-group,-lxil,-lgcc,-lc,--end-group
c:/users/xlinux/sdk/2015.2/gnu/arm/nt/bin/../lib/gcc/arm-xilinx-eabi/4.9.1/../../../../arm-xilinx-eabi/bin/ld.exe: lab4.elf section `.data' will not fit in region `axi_bram_ctrl_0_S_AXI_BASEADDR'
c:/users/xlinux/sdk/2015.2/gnu/arm/nt/bin/../lib/gcc/arm-xilinx-eabi/4.9.1/../../../../arm-xilinx-eabi/bin/ld.exe: address 0x40008000 of lab4.elf section `.mmu_tbl' is not within region `axi_bram_ctrl_0_S_AXI_BASEADDR'
c:/users/xlinux/sdk/2015.2/gnu/arm/nt/bin/../lib/gcc/arm-xilinx-eabi/4.9.1/../../../../arm-xilinx-eabi/bin/ld.exe: address 0x40008000 of lab4.elf section `.mmu_tbl' is not within region `axi_bram_ctrl_0_S_AXI_BASEADDR'
c:/users/xlinux/sdk/2015.2/gnu/arm/nt/bin/../lib/gcc/arm-xilinx-eabi/4.9.1/../../../../arm-xilinx-eabi/bin/ld.exe: address 0x40008000 of lab4.elf section `.mmu_tbl' is not within region `axi_bram_ctrl_0_S_AXI_BASEADDR'
c:/users/xlinux/sdk/2015.2/gnu/arm/nt/bin/../lib/gcc/arm-xilinx-eabi/4.9.1/../../../../arm-xilinx-eabi/bin/ld.exe: region `axi_bram_ctrl_0_S_AXI_BASEADDR' overflowed by 32832 bytes
collect2.exe: error: ld returned 1 exit status
make: *** [lab4.elf] ¥ÌŒÛ 1
14:56:51 **** Build of project lab4_bsp ****
make -k all 
make: *** √ª”–πÊ‘Úø…“‘¥¥Ω®ƒø±Í°∞all°±.
14:57:19 **** Build of project lablast_bsp ****
make -k all 
"Running Make include in ps7_cortexa9_0/libsrc/bram_v4_0/src"
make -C ps7_cortexa9_0/libsrc/bram_v4_0/src -s include  "SHELL=CMD" "COMPILER=arm-xilinx-eabi-gcc" "ARCHIVER=arm-xilinx-eabi-ar" "COMPILER_FLAGS=  -O2 -c" "EXTRA_COMPILER_FLAGS=-g"
"Running Make include in ps7_cortexa9_0/libsrc/coresightps_dcc_v1_0/src"
make -C ps7_cortexa9_0/libsrc/coresightps_dcc_v1_0/src -s include  "SHELL=CMD" "COMPILER=arm-xilinx-eabi-gcc" "ARCHIVER=arm-xilinx-eabi-ar" "COMPILER_FLAGS=  -O2 -c" "EXTRA_COMPILER_FLAGS=-g"
"Running Make include in ps7_cortexa9_0/libsrc/cpu_cortexa9_v2_1/src"
make -C ps7_cortexa9_0/libsrc/cpu_cortexa9_v2_1/src -s include  "SHELL=CMD" "COMPILER=arm-xilinx-eabi-gcc" "ARCHIVER=arm-xilinx-eabi-ar" "COMPILER_FLAGS=  -O2 -c" "EXTRA_COMPILER_FLAGS=-g"
"Running Make include in ps7_cortexa9_0/libsrc/devcfg_v3_3/src"
make -C ps7_cortexa9_0/libsrc/devcfg_v3_3/src -s include  "SHELL=CMD" "COMPILER=arm-xilinx-eabi-gcc" "ARCHIVER=arm-xilinx-eabi-ar" "COMPILER_FLAGS=  -O2 -c" "EXTRA_COMPILER_FLAGS=-g"
"Running Make include in ps7_cortexa9_0/libsrc/dmaps_v2_1/src"
make -C ps7_cortexa9_0/libsrc/dmaps_v2_1/src -s include  "SHELL=CMD" "COMPILER=arm-xilinx-eabi-gcc" "ARCHIVER=arm-xilinx-eabi-ar" "COMPILER_FLAGS=  -O2 -c" "EXTRA_COMPILER_FLAGS=-g"
"Running Make include in ps7_cortexa9_0/libsrc/gpio_v4_0/src"
make -C ps7_cortexa9_0/libsrc/gpio_v4_0/src -s include  "SHELL=CMD" "COMPILER=arm-xilinx-eabi-gcc" "ARCHIVER=arm-xilinx-eabi-ar" "COMPILER_FLAGS=  -O2 -c" "EXTRA_COMPILER_FLAGS=-g"
"Running Make include in ps7_cortexa9_0/libsrc/gpiops_v3_0/src"
make -C ps7_cortexa9_0/libsrc/gpiops_v3_0/src -s include  "SHELL=CMD" "COMPILER=arm-xilinx-eabi-gcc" "ARCHIVER=arm-xilinx-eabi-ar" "COMPILER_FLAGS=  -O2 -c" "EXTRA_COMPILER_FLAGS=-g"
"Running Make include in ps7_cortexa9_0/libsrc/led_ip_v1_0/src"
make -C ps7_cortexa9_0/libsrc/led_ip_v1_0/src -s include  "SHELL=CMD" "COMPILER=arm-xilinx-eabi-gcc" "ARCHIVER=arm-xilinx-eabi-ar" "COMPILER_FLAGS=  -O2 -c" "EXTRA_COMPILER_FLAGS=-g"
"Running Make include in ps7_cortexa9_0/libsrc/scugic_v3_0/src"
make -C ps7_cortexa9_0/libsrc/scugic_v3_0/src -s include  "SHELL=CMD" "COMPILER=arm-xilinx-eabi-gcc" "ARCHIVER=arm-xilinx-eabi-ar" "COMPILER_FLAGS=  -O2 -c" "EXTRA_COMPILER_FLAGS=-g"
"Running Make include in ps7_cortexa9_0/libsrc/scutimer_v2_1/src"
make -C ps7_cortexa9_0/libsrc/scutimer_v2_1/src -s include  "SHELL=CMD" "COMPILER=arm-xilinx-eabi-gcc" "ARCHIVER=arm-xilinx-eabi-ar" "COMPILER_FLAGS=  -O2 -c" "EXTRA_COMPILER_FLAGS=-g"
"Running Make include in ps7_cortexa9_0/libsrc/scuwdt_v2_1/src"
make -C ps7_cortexa9_0/libsrc/scuwdt_v2_1/src -s include  "SHELL=CMD" "COMPILER=arm-xilinx-eabi-gcc" "ARCHIVER=arm-xilinx-eabi-ar" "COMPILER_FLAGS=  -O2 -c" "EXTRA_COMPILER_FLAGS=-g"
"Running Make include in ps7_cortexa9_0/libsrc/standalone_v5_1/src"
make -C ps7_cortexa9_0/libsrc/standalone_v5_1/src -s include  "SHELL=CMD" "COMPILER=arm-xilinx-eabi-gcc" "ARCHIVER=arm-xilinx-eabi-ar" "COMPILER_FLAGS=  -O2 -c" "EXTRA_COMPILER_FLAGS=-g"
"Running Make include in ps7_cortexa9_0/libsrc/uartps_v3_0/src"
make -C ps7_cortexa9_0/libsrc/uartps_v3_0/src -s include  "SHELL=CMD" "COMPILER=arm-xilinx-eabi-gcc" "ARCHIVER=arm-xilinx-eabi-ar" "COMPILER_FLAGS=  -O2 -c" "EXTRA_COMPILER_FLAGS=-g"
"Running Make include in ps7_cortexa9_0/libsrc/xadcps_v2_2/src"
make -C ps7_cortexa9_0/libsrc/xadcps_v2_2/src -s include  "SHELL=CMD" "COMPILER=arm-xilinx-eabi-gcc" "ARCHIVER=arm-xilinx-eabi-ar" "COMPILER_FLAGS=  -O2 -c" "EXTRA_COMPILER_FLAGS=-g"
"Running Make libs in ps7_cortexa9_0/libsrc/bram_v4_0/src"
make -C ps7_cortexa9_0/libsrc/bram_v4_0/src -s libs  "SHELL=CMD" "COMPILER=arm-xilinx-eabi-gcc" "ARCHIVER=arm-xilinx-eabi-ar" "COMPILER_FLAGS=  -O2 -c" "EXTRA_COMPILER_FLAGS=-g"
"Compiling bram"
arm-xilinx-eabi-ar: creating ../../../lib/libxil.a
"Running Make libs in ps7_cortexa9_0/libsrc/coresightps_dcc_v1_0/src"
make -C ps7_cortexa9_0/libsrc/coresightps_dcc_v1_0/src -s libs  "SHELL=CMD" "COMPILER=arm-xilinx-eabi-gcc" "ARCHIVER=arm-xilinx-eabi-ar" "COMPILER_FLAGS=  -O2 -c" "EXTRA_COMPILER_FLAGS=-g"
"Compiling coresightps_dcc"
"Running Make libs in ps7_cortexa9_0/libsrc/cpu_cortexa9_v2_1/src"
make -C ps7_cortexa9_0/libsrc/cpu_cortexa9_v2_1/src -s libs  "SHELL=CMD" "COMPILER=arm-xilinx-eabi-gcc" "ARCHIVER=arm-xilinx-eabi-ar" "COMPILER_FLAGS=  -O2 -c" "EXTRA_COMPILER_FLAGS=-g"
"Compiling cpu_cortexa9"
"Running Make libs in ps7_cortexa9_0/libsrc/devcfg_v3_3/src"
make -C ps7_cortexa9_0/libsrc/devcfg_v3_3/src -s libs  "SHELL=CMD" "COMPILER=arm-xilinx-eabi-gcc" "ARCHIVER=arm-xilinx-eabi-ar" "COMPILER_FLAGS=  -O2 -c" "EXTRA_COMPILER_FLAGS=-g"
"Compiling devcfg"
"Running Make libs in ps7_cortexa9_0/libsrc/dmaps_v2_1/src"
make -C ps7_cortexa9_0/libsrc/dmaps_v2_1/src -s libs  "SHELL=CMD" "COMPILER=arm-xilinx-eabi-gcc" "ARCHIVER=arm-xilinx-eabi-ar" "COMPILER_FLAGS=  -O2 -c" "EXTRA_COMPILER_FLAGS=-g"
"Compiling dmaps"
"Running Make libs in ps7_cortexa9_0/libsrc/gpio_v4_0/src"
make -C ps7_cortexa9_0/libsrc/gpio_v4_0/src -s libs  "SHELL=CMD" "COMPILER=arm-xilinx-eabi-gcc" "ARCHIVER=arm-xilinx-eabi-ar" "COMPILER_FLAGS=  -O2 -c" "EXTRA_COMPILER_FLAGS=-g"
"Compiling gpio"
"Running Make libs in ps7_cortexa9_0/libsrc/gpiops_v3_0/src"
make -C ps7_cortexa9_0/libsrc/gpiops_v3_0/src -s libs  "SHELL=CMD" "COMPILER=arm-xilinx-eabi-gcc" "ARCHIVER=arm-xilinx-eabi-ar" "COMPILER_FLAGS=  -O2 -c" "EXTRA_COMPILER_FLAGS=-g"
"Compiling gpiops"
"Running Make libs in ps7_cortexa9_0/libsrc/led_ip_v1_0/src"
make -C ps7_cortexa9_0/libsrc/led_ip_v1_0/src -s libs  "SHELL=CMD" "COMPILER=arm-xilinx-eabi-gcc" "ARCHIVER=arm-xilinx-eabi-ar" "COMPILER_FLAGS=  -O2 -c" "EXTRA_COMPILER_FLAGS=-g"
"Compiling led_ip..."
"Running Make libs in ps7_cortexa9_0/libsrc/scugic_v3_0/src"
make -C ps7_cortexa9_0/libsrc/scugic_v3_0/src -s libs  "SHELL=CMD" "COMPILER=arm-xilinx-eabi-gcc" "ARCHIVER=arm-xilinx-eabi-ar" "COMPILER_FLAGS=  -O2 -c" "EXTRA_COMPILER_FLAGS=-g"
"Compiling scugic"
"Running Make libs in ps7_cortexa9_0/libsrc/scutimer_v2_1/src"
make -C ps7_cortexa9_0/libsrc/scutimer_v2_1/src -s libs  "SHELL=CMD" "COMPILER=arm-xilinx-eabi-gcc" "ARCHIVER=arm-xilinx-eabi-ar" "COMPILER_FLAGS=  -O2 -c" "EXTRA_COMPILER_FLAGS=-g"
"Compiling scutimer"
"Running Make libs in ps7_cortexa9_0/libsrc/scuwdt_v2_1/src"
make -C ps7_cortexa9_0/libsrc/scuwdt_v2_1/src -s libs  "SHELL=CMD" "COMPILER=arm-xilinx-eabi-gcc" "ARCHIVER=arm-xilinx-eabi-ar" "COMPILER_FLAGS=  -O2 -c" "EXTRA_COMPILER_FLAGS=-g"
"Compiling scuwdt"
"Running Make libs in ps7_cortexa9_0/libsrc/standalone_v5_1/src"
make -C ps7_cortexa9_0/libsrc/standalone_v5_1/src -s libs  "SHELL=CMD" "COMPILER=arm-xilinx-eabi-gcc" "ARCHIVER=arm-xilinx-eabi-ar" "COMPILER_FLAGS=  -O2 -c" "EXTRA_COMPILER_FLAGS=-g"
"Compiling standalone"
"Running Make libs in ps7_cortexa9_0/libsrc/uartps_v3_0/src"
make -C ps7_cortexa9_0/libsrc/uartps_v3_0/src -s libs  "SHELL=CMD" "COMPILER=arm-xilinx-eabi-gcc" "ARCHIVER=arm-xilinx-eabi-ar" "COMPILER_FLAGS=  -O2 -c" "EXTRA_COMPILER_FLAGS=-g"
"Compiling uartps"
"Running Make libs in ps7_cortexa9_0/libsrc/xadcps_v2_2/src"
make -C ps7_cortexa9_0/libsrc/xadcps_v2_2/src -s libs  "SHELL=CMD" "COMPILER=arm-xilinx-eabi-gcc" "ARCHIVER=arm-xilinx-eabi-ar" "COMPILER_FLAGS=  -O2 -c" "EXTRA_COMPILER_FLAGS=-g"
"Compiling xadcps"
'Finished building libraries'

**** Build of configuration Debug for project lablast ****

Nothing to build for project lablast
14:58:07 **** Auto Build of configuration Debug for project lablast ****
make all 
'Building file: ../src/lab4.c'
'Invoking: ARM gcc compiler'
arm-xilinx-eabi-gcc -Wall -O0 -g3 -c -fmessage-length=0 -MT"src/lab4.o" -I../../lablast_bsp/ps7_cortexa9_0/include -MMD -MP -MF"src/lab4.d" -MT"src/lab4.d" -o "src/lab4.o" "../src/lab4.c"
../src/lab4.c: In function 'main':
../src/lab4.c:14:27: error: 'XPAR_DIP_DEVICE_ID' undeclared (first use in this function)
    XGpio_Initialize(&dip, XPAR_DIP_DEVICE_ID); // Modify this
                           ^
../src/lab4.c:14:27: note: each undeclared identifier is reported only once for each function it appears in
../src/lab4.c:17:28: error: 'XPAR_PUSH_DEVICE_ID' undeclared (first use in this function)
    XGpio_Initialize(&push, XPAR_PUSH_DEVICE_ID); // Modify this
                            ^
make: *** [src/lab4.o] ¥ÌŒÛ 1
14:58:15 **** Auto Build of configuration Debug for project lablast ****
make all 
'Building file: ../src/lab4.c'
'Invoking: ARM gcc compiler'
arm-xilinx-eabi-gcc -Wall -O0 -g3 -c -fmessage-length=0 -MT"src/lab4.o" -I../../lablast_bsp/ps7_cortexa9_0/include -MMD -MP -MF"src/lab4.d" -MT"src/lab4.d" -o "src/lab4.o" "../src/lab4.c"
'Finished building: ../src/lab4.c'
' '
'Building target: lablast.elf'
'Invoking: ARM gcc linker'
arm-xilinx-eabi-gcc -Wl,-T -Wl,../src/lscript.ld -L../../lablast_bsp/ps7_cortexa9_0/lib -o "lablast.elf"  ./src/lab4.o   -Wl,--start-group,-lxil,-lgcc,-lc,--end-group
'Finished building target: lablast.elf'
' '
'Invoking: ARM Print Size'
arm-xilinx-eabi-size lablast.elf  |tee "lablast.elf.size"
   text	   data	    bss	    dec	    hex	filename
  23796	   1184	  22580	  47560	   b9c8	lablast.elf
'Finished building: lablast.elf.size'
' '
14:58:34 **** Incremental Build of configuration Debug for project lablast ****
make all 
make: Nothing to be done for `all'.
14:59:37 **** Auto Build of configuration Debug for project lablast ****
make all 
'Building file: ../src/lab4.c'
'Invoking: ARM gcc compiler'
arm-xilinx-eabi-gcc -Wall -O0 -g3 -c -fmessage-length=0 -MT"src/lab4.o" -I../../lablast_bsp/ps7_cortexa9_0/include -MMD -MP -MF"src/lab4.d" -MT"src/lab4.d" -o "src/lab4.o" "../src/lab4.c"
'Finished building: ../src/lab4.c'
' '
'Building target: lablast.elf'
'Invoking: ARM gcc linker'
arm-xilinx-eabi-gcc -Wl,-T -Wl,../src/lscript.ld -L../../lablast_bsp/ps7_cortexa9_0/lib -o "lablast.elf"  ./src/lab4.o   -Wl,--start-group,-lxil,-lgcc,-lc,--end-group
'Finished building target: lablast.elf'
' '
'Invoking: ARM Print Size'
arm-xilinx-eabi-size lablast.elf  |tee "lablast.elf.size"
   text	   data	    bss	    dec	    hex	filename
  23796	   1184	  22580	  47560	   b9c8	lablast.elf
'Finished building: lablast.elf.size'
' '
14:59:59 **** Incremental Build of configuration Debug for project lablast ****
make all 
make: Nothing to be done for `all'.
15:00:39 **** Clean-only build of configuration Debug for project lablast ****
make clean 
rm -rf  ./src/lab4.o  ./src/lab4.d  lablast.elf.size  lablast.elf
' '
15:00:39 **** Auto Build of configuration Debug for project lablast ****
make all 
'Building file: ../src/lab4.c'
'Invoking: ARM gcc compiler'
arm-xilinx-eabi-gcc -Wall -O0 -g3 -c -fmessage-length=0 -MT"src/lab4.o" -I../../lablast_bsp/ps7_cortexa9_0/include -MMD -MP -MF"src/lab4.d" -MT"src/lab4.d" -o "src/lab4.o" "../src/lab4.c"
'Finished building: ../src/lab4.c'
' '
'Building target: lablast.elf'
'Invoking: ARM gcc linker'
arm-xilinx-eabi-gcc -Wl,-T -Wl,../src/lscript.ld -L../../lablast_bsp/ps7_cortexa9_0/lib -o "lablast.elf"  ./src/lab4.o   -Wl,--start-group,-lxil,-lgcc,-lc,--end-group
'Finished building target: lablast.elf'
' '
'Invoking: ARM Print Size'
arm-xilinx-eabi-size lablast.elf  |tee "lablast.elf.size"
   text	   data	    bss	    dec	    hex	filename
  23796	   1184	   8236	  33216	   81c0	lablast.elf
'Finished building: lablast.elf.size'
' '
15:01:20 **** Clean-only build of configuration Debug for project lablast ****
make clean 
rm -rf  ./src/lab4.o  ./src/lab4.d  lablast.elf.size  lablast.elf
' '
15:01:20 **** Auto Build of configuration Debug for project lablast ****
make all 
'Building file: ../src/lab4.c'
'Invoking: ARM gcc compiler'
arm-xilinx-eabi-gcc -Wall -O0 -g3 -c -fmessage-length=0 -MT"src/lab4.o" -I../../lablast_bsp/ps7_cortexa9_0/include -MMD -MP -MF"src/lab4.d" -MT"src/lab4.d" -o "src/lab4.o" "../src/lab4.c"
'Finished building: ../src/lab4.c'
' '
'Building target: lablast.elf'
'Invoking: ARM gcc linker'
arm-xilinx-eabi-gcc -Wl,-T -Wl,../src/lscript.ld -L../../lablast_bsp/ps7_cortexa9_0/lib -o "lablast.elf"  ./src/lab4.o   -Wl,--start-group,-lxil,-lgcc,-lc,--end-group
'Finished building target: lablast.elf'
' '
'Invoking: ARM Print Size'
arm-xilinx-eabi-size lablast.elf  |tee "lablast.elf.size"
   text	   data	    bss	    dec	    hex	filename
  23796	   1184	   8236	  33216	   81c0	lablast.elf
'Finished building: lablast.elf.size'
' '
15:01:27 **** Incremental Build of configuration Debug for project lablast ****
make all 
make: Nothing to be done for `all'.
00:57:56 **** Incremental Build of configuration Debug for project lablast ****
make all 
make: Nothing to be done for `all'.
01:10:29 **** Auto Build of project lablast_bsp ****
make -k all 
"Running Make include in ps7_cortexa9_0/libsrc/bram_v4_0/src"
make -C ps7_cortexa9_0/libsrc/bram_v4_0/src -s include  "SHELL=CMD" "COMPILER=arm-xilinx-eabi-gcc" "ARCHIVER=arm-xilinx-eabi-ar" "COMPILER_FLAGS=  -O2 -c" "EXTRA_COMPILER_FLAGS=-g"
"Running Make include in ps7_cortexa9_0/libsrc/coresightps_dcc_v1_0/src"
make -C ps7_cortexa9_0/libsrc/coresightps_dcc_v1_0/src -s include  "SHELL=CMD" "COMPILER=arm-xilinx-eabi-gcc" "ARCHIVER=arm-xilinx-eabi-ar" "COMPILER_FLAGS=  -O2 -c" "EXTRA_COMPILER_FLAGS=-g"
"Running Make include in ps7_cortexa9_0/libsrc/cpu_cortexa9_v2_1/src"
make -C ps7_cortexa9_0/libsrc/cpu_cortexa9_v2_1/src -s include  "SHELL=CMD" "COMPILER=arm-xilinx-eabi-gcc" "ARCHIVER=arm-xilinx-eabi-ar" "COMPILER_FLAGS=  -O2 -c" "EXTRA_COMPILER_FLAGS=-g"
"Running Make include in ps7_cortexa9_0/libsrc/devcfg_v3_3/src"
make -C ps7_cortexa9_0/libsrc/devcfg_v3_3/src -s include  "SHELL=CMD" "COMPILER=arm-xilinx-eabi-gcc" "ARCHIVER=arm-xilinx-eabi-ar" "COMPILER_FLAGS=  -O2 -c" "EXTRA_COMPILER_FLAGS=-g"
"Running Make include in ps7_cortexa9_0/libsrc/dmaps_v2_1/src"
make -C ps7_cortexa9_0/libsrc/dmaps_v2_1/src -s include  "SHELL=CMD" "COMPILER=arm-xilinx-eabi-gcc" "ARCHIVER=arm-xilinx-eabi-ar" "COMPILER_FLAGS=  -O2 -c" "EXTRA_COMPILER_FLAGS=-g"
"Running Make include in ps7_cortexa9_0/libsrc/gpio_v4_0/src"
make -C ps7_cortexa9_0/libsrc/gpio_v4_0/src -s include  "SHELL=CMD" "COMPILER=arm-xilinx-eabi-gcc" "ARCHIVER=arm-xilinx-eabi-ar" "COMPILER_FLAGS=  -O2 -c" "EXTRA_COMPILER_FLAGS=-g"
"Running Make include in ps7_cortexa9_0/libsrc/gpiops_v3_0/src"
make -C ps7_cortexa9_0/libsrc/gpiops_v3_0/src -s include  "SHELL=CMD" "COMPILER=arm-xilinx-eabi-gcc" "ARCHIVER=arm-xilinx-eabi-ar" "COMPILER_FLAGS=  -O2 -c" "EXTRA_COMPILER_FLAGS=-g"
"Running Make include in ps7_cortexa9_0/libsrc/led_ip_v1_0/src"
make -C ps7_cortexa9_0/libsrc/led_ip_v1_0/src -s include  "SHELL=CMD" "COMPILER=arm-xilinx-eabi-gcc" "ARCHIVER=arm-xilinx-eabi-ar" "COMPILER_FLAGS=  -O2 -c" "EXTRA_COMPILER_FLAGS=-g"
"Running Make include in ps7_cortexa9_0/libsrc/scugic_v3_0/src"
make -C ps7_cortexa9_0/libsrc/scugic_v3_0/src -s include  "SHELL=CMD" "COMPILER=arm-xilinx-eabi-gcc" "ARCHIVER=arm-xilinx-eabi-ar" "COMPILER_FLAGS=  -O2 -c" "EXTRA_COMPILER_FLAGS=-g"
"Running Make include in ps7_cortexa9_0/libsrc/scutimer_v2_1/src"
make -C ps7_cortexa9_0/libsrc/scutimer_v2_1/src -s include  "SHELL=CMD" "COMPILER=arm-xilinx-eabi-gcc" "ARCHIVER=arm-xilinx-eabi-ar" "COMPILER_FLAGS=  -O2 -c" "EXTRA_COMPILER_FLAGS=-g"
"Running Make include in ps7_cortexa9_0/libsrc/scuwdt_v2_1/src"
make -C ps7_cortexa9_0/libsrc/scuwdt_v2_1/src -s include  "SHELL=CMD" "COMPILER=arm-xilinx-eabi-gcc" "ARCHIVER=arm-xilinx-eabi-ar" "COMPILER_FLAGS=  -O2 -c" "EXTRA_COMPILER_FLAGS=-g"
"Running Make include in ps7_cortexa9_0/libsrc/standalone_v5_1/src"
make -C ps7_cortexa9_0/libsrc/standalone_v5_1/src -s include  "SHELL=CMD" "COMPILER=arm-xilinx-eabi-gcc" "ARCHIVER=arm-xilinx-eabi-ar" "COMPILER_FLAGS=  -O2 -c" "EXTRA_COMPILER_FLAGS=-g"
"Running Make include in ps7_cortexa9_0/libsrc/uartps_v3_0/src"
make -C ps7_cortexa9_0/libsrc/uartps_v3_0/src -s include  "SHELL=CMD" "COMPILER=arm-xilinx-eabi-gcc" "ARCHIVER=arm-xilinx-eabi-ar" "COMPILER_FLAGS=  -O2 -c" "EXTRA_COMPILER_FLAGS=-g"
"Running Make include in ps7_cortexa9_0/libsrc/xadcps_v2_2/src"
make -C ps7_cortexa9_0/libsrc/xadcps_v2_2/src -s include  "SHELL=CMD" "COMPILER=arm-xilinx-eabi-gcc" "ARCHIVER=arm-xilinx-eabi-ar" "COMPILER_FLAGS=  -O2 -c" "EXTRA_COMPILER_FLAGS=-g"
"Running Make libs in ps7_cortexa9_0/libsrc/bram_v4_0/src"
make -C ps7_cortexa9_0/libsrc/bram_v4_0/src -s libs  "SHELL=CMD" "COMPILER=arm-xilinx-eabi-gcc" "ARCHIVER=arm-xilinx-eabi-ar" "COMPILER_FLAGS=  -O2 -c" "EXTRA_COMPILER_FLAGS=-g"
"Compiling bram"
"Running Make libs in ps7_cortexa9_0/libsrc/coresightps_dcc_v1_0/src"
make -C ps7_cortexa9_0/libsrc/coresightps_dcc_v1_0/src -s libs  "SHELL=CMD" "COMPILER=arm-xilinx-eabi-gcc" "ARCHIVER=arm-xilinx-eabi-ar" "COMPILER_FLAGS=  -O2 -c" "EXTRA_COMPILER_FLAGS=-g"
"Compiling coresightps_dcc"
"Running Make libs in ps7_cortexa9_0/libsrc/cpu_cortexa9_v2_1/src"
make -C ps7_cortexa9_0/libsrc/cpu_cortexa9_v2_1/src -s libs  "SHELL=CMD" "COMPILER=arm-xilinx-eabi-gcc" "ARCHIVER=arm-xilinx-eabi-ar" "COMPILER_FLAGS=  -O2 -c" "EXTRA_COMPILER_FLAGS=-g"
"Compiling cpu_cortexa9"
"Running Make libs in ps7_cortexa9_0/libsrc/devcfg_v3_3/src"
make -C ps7_cortexa9_0/libsrc/devcfg_v3_3/src -s libs  "SHELL=CMD" "COMPILER=arm-xilinx-eabi-gcc" "ARCHIVER=arm-xilinx-eabi-ar" "COMPILER_FLAGS=  -O2 -c" "EXTRA_COMPILER_FLAGS=-g"
"Compiling devcfg"
"Running Make libs in ps7_cortexa9_0/libsrc/dmaps_v2_1/src"
make -C ps7_cortexa9_0/libsrc/dmaps_v2_1/src -s libs  "SHELL=CMD" "COMPILER=arm-xilinx-eabi-gcc" "ARCHIVER=arm-xilinx-eabi-ar" "COMPILER_FLAGS=  -O2 -c" "EXTRA_COMPILER_FLAGS=-g"
"Compiling dmaps"
"Running Make libs in ps7_cortexa9_0/libsrc/gpio_v4_0/src"
make -C ps7_cortexa9_0/libsrc/gpio_v4_0/src -s libs  "SHELL=CMD" "COMPILER=arm-xilinx-eabi-gcc" "ARCHIVER=arm-xilinx-eabi-ar" "COMPILER_FLAGS=  -O2 -c" "EXTRA_COMPILER_FLAGS=-g"
"Compiling gpio"
"Running Make libs in ps7_cortexa9_0/libsrc/gpiops_v3_0/src"
make -C ps7_cortexa9_0/libsrc/gpiops_v3_0/src -s libs  "SHELL=CMD" "COMPILER=arm-xilinx-eabi-gcc" "ARCHIVER=arm-xilinx-eabi-ar" "COMPILER_FLAGS=  -O2 -c" "EXTRA_COMPILER_FLAGS=-g"
"Compiling gpiops"
"Running Make libs in ps7_cortexa9_0/libsrc/led_ip_v1_0/src"
make -C ps7_cortexa9_0/libsrc/led_ip_v1_0/src -s libs  "SHELL=CMD" "COMPILER=arm-xilinx-eabi-gcc" "ARCHIVER=arm-xilinx-eabi-ar" "COMPILER_FLAGS=  -O2 -c" "EXTRA_COMPILER_FLAGS=-g"
"Compiling led_ip..."
"Running Make libs in ps7_cortexa9_0/libsrc/scugic_v3_0/src"
make -C ps7_cortexa9_0/libsrc/scugic_v3_0/src -s libs  "SHELL=CMD" "COMPILER=arm-xilinx-eabi-gcc" "ARCHIVER=arm-xilinx-eabi-ar" "COMPILER_FLAGS=  -O2 -c" "EXTRA_COMPILER_FLAGS=-g"
"Compiling scugic"
"Running Make libs in ps7_cortexa9_0/libsrc/scutimer_v2_1/src"
make -C ps7_cortexa9_0/libsrc/scutimer_v2_1/src -s libs  "SHELL=CMD" "COMPILER=arm-xilinx-eabi-gcc" "ARCHIVER=arm-xilinx-eabi-ar" "COMPILER_FLAGS=  -O2 -c" "EXTRA_COMPILER_FLAGS=-g"
"Compiling scutimer"
"Running Make libs in ps7_cortexa9_0/libsrc/scuwdt_v2_1/src"
make -C ps7_cortexa9_0/libsrc/scuwdt_v2_1/src -s libs  "SHELL=CMD" "COMPILER=arm-xilinx-eabi-gcc" "ARCHIVER=arm-xilinx-eabi-ar" "COMPILER_FLAGS=  -O2 -c" "EXTRA_COMPILER_FLAGS=-g"
"Compiling scuwdt"
"Running Make libs in ps7_cortexa9_0/libsrc/standalone_v5_1/src"
make -C ps7_cortexa9_0/libsrc/standalone_v5_1/src -s libs  "SHELL=CMD" "COMPILER=arm-xilinx-eabi-gcc" "ARCHIVER=arm-xilinx-eabi-ar" "COMPILER_FLAGS=  -O2 -c" "EXTRA_COMPILER_FLAGS=-g"
"Compiling standalone"
"Running Make libs in ps7_cortexa9_0/libsrc/uartps_v3_0/src"
make -C ps7_cortexa9_0/libsrc/uartps_v3_0/src -s libs  "SHELL=CMD" "COMPILER=arm-xilinx-eabi-gcc" "ARCHIVER=arm-xilinx-eabi-ar" "COMPILER_FLAGS=  -O2 -c" "EXTRA_COMPILER_FLAGS=-g"
"Compiling uartps"
"Running Make libs in ps7_cortexa9_0/libsrc/xadcps_v2_2/src"
make -C ps7_cortexa9_0/libsrc/xadcps_v2_2/src -s libs  "SHELL=CMD" "COMPILER=arm-xilinx-eabi-gcc" "ARCHIVER=arm-xilinx-eabi-ar" "COMPILER_FLAGS=  -O2 -c" "EXTRA_COMPILER_FLAGS=-g"
"Compiling xadcps"
'Finished building libraries'
01:10:52 **** Auto Build of configuration Debug for project lablast ****
make all 
'Building file: ../src/lab4.c'
'Invoking: ARM gcc compiler'
arm-xilinx-eabi-gcc -Wall -O0 -g3 -c -fmessage-length=0 -MT"src/lab4.o" -I../../lablast_bsp/ps7_cortexa9_0/include -MMD -MP -MF"src/lab4.d" -MT"src/lab4.d" -o "src/lab4.o" "../src/lab4.c"
'Finished building: ../src/lab4.c'
' '
'Building target: lablast.elf'
'Invoking: ARM gcc linker'
arm-xilinx-eabi-gcc -Wl,-T -Wl,../src/lscript.ld -L../../lablast_bsp/ps7_cortexa9_0/lib -o "lablast.elf"  ./src/lab4.o   -Wl,--start-group,-lxil,-lgcc,-lc,--end-group
'Finished building target: lablast.elf'
' '
'Invoking: ARM Print Size'
arm-xilinx-eabi-size lablast.elf  |tee "lablast.elf.size"
   text	   data	    bss	    dec	    hex	filename
  23796	   1184	   8236	  33216	   81c0	lablast.elf
'Finished building: lablast.elf.size'
' '
02:04:42 **** Auto Build of configuration Debug for project lablast ****
make all 
make: Nothing to be done for `all'.
02:08:05 **** Build of project lab6SoC_bsp ****
make -k all 
"Running Make include in ps7_cortexa9_0/libsrc/bram_v4_0/src"
make -C ps7_cortexa9_0/libsrc/bram_v4_0/src -s include  "SHELL=CMD" "COMPILER=arm-xilinx-eabi-gcc" "ARCHIVER=arm-xilinx-eabi-ar" "COMPILER_FLAGS=  -O2 -c" "EXTRA_COMPILER_FLAGS=-g"
"Running Make include in ps7_cortexa9_0/libsrc/coresightps_dcc_v1_0/src"
make -C ps7_cortexa9_0/libsrc/coresightps_dcc_v1_0/src -s include  "SHELL=CMD" "COMPILER=arm-xilinx-eabi-gcc" "ARCHIVER=arm-xilinx-eabi-ar" "COMPILER_FLAGS=  -O2 -c" "EXTRA_COMPILER_FLAGS=-g"
"Running Make include in ps7_cortexa9_0/libsrc/cpu_cortexa9_v2_1/src"
make -C ps7_cortexa9_0/libsrc/cpu_cortexa9_v2_1/src -s include  "SHELL=CMD" "COMPILER=arm-xilinx-eabi-gcc" "ARCHIVER=arm-xilinx-eabi-ar" "COMPILER_FLAGS=  -O2 -c" "EXTRA_COMPILER_FLAGS=-g"
"Running Make include in ps7_cortexa9_0/libsrc/devcfg_v3_3/src"
make -C ps7_cortexa9_0/libsrc/devcfg_v3_3/src -s include  "SHELL=CMD" "COMPILER=arm-xilinx-eabi-gcc" "ARCHIVER=arm-xilinx-eabi-ar" "COMPILER_FLAGS=  -O2 -c" "EXTRA_COMPILER_FLAGS=-g"
"Running Make include in ps7_cortexa9_0/libsrc/dmaps_v2_1/src"
make -C ps7_cortexa9_0/libsrc/dmaps_v2_1/src -s include  "SHELL=CMD" "COMPILER=arm-xilinx-eabi-gcc" "ARCHIVER=arm-xilinx-eabi-ar" "COMPILER_FLAGS=  -O2 -c" "EXTRA_COMPILER_FLAGS=-g"
"Running Make include in ps7_cortexa9_0/libsrc/gpio_v4_0/src"
make -C ps7_cortexa9_0/libsrc/gpio_v4_0/src -s include  "SHELL=CMD" "COMPILER=arm-xilinx-eabi-gcc" "ARCHIVER=arm-xilinx-eabi-ar" "COMPILER_FLAGS=  -O2 -c" "EXTRA_COMPILER_FLAGS=-g"
"Running Make include in ps7_cortexa9_0/libsrc/gpiops_v3_0/src"
make -C ps7_cortexa9_0/libsrc/gpiops_v3_0/src -s include  "SHELL=CMD" "COMPILER=arm-xilinx-eabi-gcc" "ARCHIVER=arm-xilinx-eabi-ar" "COMPILER_FLAGS=  -O2 -c" "EXTRA_COMPILER_FLAGS=-g"
"Running Make include in ps7_cortexa9_0/libsrc/led_ip_v1_0/src"
make -C ps7_cortexa9_0/libsrc/led_ip_v1_0/src -s include  "SHELL=CMD" "COMPILER=arm-xilinx-eabi-gcc" "ARCHIVER=arm-xilinx-eabi-ar" "COMPILER_FLAGS=  -O2 -c" "EXTRA_COMPILER_FLAGS=-g"
"Running Make include in ps7_cortexa9_0/libsrc/scugic_v3_0/src"
make -C ps7_cortexa9_0/libsrc/scugic_v3_0/src -s include  "SHELL=CMD" "COMPILER=arm-xilinx-eabi-gcc" "ARCHIVER=arm-xilinx-eabi-ar" "COMPILER_FLAGS=  -O2 -c" "EXTRA_COMPILER_FLAGS=-g"
"Running Make include in ps7_cortexa9_0/libsrc/scutimer_v2_1/src"
make -C ps7_cortexa9_0/libsrc/scutimer_v2_1/src -s include  "SHELL=CMD" "COMPILER=arm-xilinx-eabi-gcc" "ARCHIVER=arm-xilinx-eabi-ar" "COMPILER_FLAGS=  -O2 -c" "EXTRA_COMPILER_FLAGS=-g"
"Running Make include in ps7_cortexa9_0/libsrc/scuwdt_v2_1/src"
make -C ps7_cortexa9_0/libsrc/scuwdt_v2_1/src -s include  "SHELL=CMD" "COMPILER=arm-xilinx-eabi-gcc" "ARCHIVER=arm-xilinx-eabi-ar" "COMPILER_FLAGS=  -O2 -c" "EXTRA_COMPILER_FLAGS=-g"
"Running Make include in ps7_cortexa9_0/libsrc/standalone_v5_1/src"
make -C ps7_cortexa9_0/libsrc/standalone_v5_1/src -s include  "SHELL=CMD" "COMPILER=arm-xilinx-eabi-gcc" "ARCHIVER=arm-xilinx-eabi-ar" "COMPILER_FLAGS=  -O2 -c" "EXTRA_COMPILER_FLAGS=-g"
"Running Make include in ps7_cortexa9_0/libsrc/uartps_v3_0/src"
make -C ps7_cortexa9_0/libsrc/uartps_v3_0/src -s include  "SHELL=CMD" "COMPILER=arm-xilinx-eabi-gcc" "ARCHIVER=arm-xilinx-eabi-ar" "COMPILER_FLAGS=  -O2 -c" "EXTRA_COMPILER_FLAGS=-g"
"Running Make include in ps7_cortexa9_0/libsrc/xadcps_v2_2/src"
make -C ps7_cortexa9_0/libsrc/xadcps_v2_2/src -s include  "SHELL=CMD" "COMPILER=arm-xilinx-eabi-gcc" "ARCHIVER=arm-xilinx-eabi-ar" "COMPILER_FLAGS=  -O2 -c" "EXTRA_COMPILER_FLAGS=-g"
"Running Make libs in ps7_cortexa9_0/libsrc/bram_v4_0/src"
make -C ps7_cortexa9_0/libsrc/bram_v4_0/src -s libs  "SHELL=CMD" "COMPILER=arm-xilinx-eabi-gcc" "ARCHIVER=arm-xilinx-eabi-ar" "COMPILER_FLAGS=  -O2 -c" "EXTRA_COMPILER_FLAGS=-g"
"Compiling bram"
arm-xilinx-eabi-ar: creating ../../../lib/libxil.a
"Running Make libs in ps7_cortexa9_0/libsrc/coresightps_dcc_v1_0/src"
make -C ps7_cortexa9_0/libsrc/coresightps_dcc_v1_0/src -s libs  "SHELL=CMD" "COMPILER=arm-xilinx-eabi-gcc" "ARCHIVER=arm-xilinx-eabi-ar" "COMPILER_FLAGS=  -O2 -c" "EXTRA_COMPILER_FLAGS=-g"
"Compiling coresightps_dcc"
"Running Make libs in ps7_cortexa9_0/libsrc/cpu_cortexa9_v2_1/src"
make -C ps7_cortexa9_0/libsrc/cpu_cortexa9_v2_1/src -s libs  "SHELL=CMD" "COMPILER=arm-xilinx-eabi-gcc" "ARCHIVER=arm-xilinx-eabi-ar" "COMPILER_FLAGS=  -O2 -c" "EXTRA_COMPILER_FLAGS=-g"
"Compiling cpu_cortexa9"
"Running Make libs in ps7_cortexa9_0/libsrc/devcfg_v3_3/src"
make -C ps7_cortexa9_0/libsrc/devcfg_v3_3/src -s libs  "SHELL=CMD" "COMPILER=arm-xilinx-eabi-gcc" "ARCHIVER=arm-xilinx-eabi-ar" "COMPILER_FLAGS=  -O2 -c" "EXTRA_COMPILER_FLAGS=-g"
"Compiling devcfg"
"Running Make libs in ps7_cortexa9_0/libsrc/dmaps_v2_1/src"
make -C ps7_cortexa9_0/libsrc/dmaps_v2_1/src -s libs  "SHELL=CMD" "COMPILER=arm-xilinx-eabi-gcc" "ARCHIVER=arm-xilinx-eabi-ar" "COMPILER_FLAGS=  -O2 -c" "EXTRA_COMPILER_FLAGS=-g"
"Compiling dmaps"
"Running Make libs in ps7_cortexa9_0/libsrc/gpio_v4_0/src"
make -C ps7_cortexa9_0/libsrc/gpio_v4_0/src -s libs  "SHELL=CMD" "COMPILER=arm-xilinx-eabi-gcc" "ARCHIVER=arm-xilinx-eabi-ar" "COMPILER_FLAGS=  -O2 -c" "EXTRA_COMPILER_FLAGS=-g"
"Compiling gpio"
"Running Make libs in ps7_cortexa9_0/libsrc/gpiops_v3_0/src"
make -C ps7_cortexa9_0/libsrc/gpiops_v3_0/src -s libs  "SHELL=CMD" "COMPILER=arm-xilinx-eabi-gcc" "ARCHIVER=arm-xilinx-eabi-ar" "COMPILER_FLAGS=  -O2 -c" "EXTRA_COMPILER_FLAGS=-g"
"Compiling gpiops"
"Running Make libs in ps7_cortexa9_0/libsrc/led_ip_v1_0/src"
make -C ps7_cortexa9_0/libsrc/led_ip_v1_0/src -s libs  "SHELL=CMD" "COMPILER=arm-xilinx-eabi-gcc" "ARCHIVER=arm-xilinx-eabi-ar" "COMPILER_FLAGS=  -O2 -c" "EXTRA_COMPILER_FLAGS=-g"
"Compiling led_ip..."
"Running Make libs in ps7_cortexa9_0/libsrc/scugic_v3_0/src"
make -C ps7_cortexa9_0/libsrc/scugic_v3_0/src -s libs  "SHELL=CMD" "COMPILER=arm-xilinx-eabi-gcc" "ARCHIVER=arm-xilinx-eabi-ar" "COMPILER_FLAGS=  -O2 -c" "EXTRA_COMPILER_FLAGS=-g"
"Compiling scugic"
"Running Make libs in ps7_cortexa9_0/libsrc/scutimer_v2_1/src"
make -C ps7_cortexa9_0/libsrc/scutimer_v2_1/src -s libs  "SHELL=CMD" "COMPILER=arm-xilinx-eabi-gcc" "ARCHIVER=arm-xilinx-eabi-ar" "COMPILER_FLAGS=  -O2 -c" "EXTRA_COMPILER_FLAGS=-g"
"Compiling scutimer"
"Running Make libs in ps7_cortexa9_0/libsrc/scuwdt_v2_1/src"
make -C ps7_cortexa9_0/libsrc/scuwdt_v2_1/src -s libs  "SHELL=CMD" "COMPILER=arm-xilinx-eabi-gcc" "ARCHIVER=arm-xilinx-eabi-ar" "COMPILER_FLAGS=  -O2 -c" "EXTRA_COMPILER_FLAGS=-g"
"Compiling scuwdt"
"Running Make libs in ps7_cortexa9_0/libsrc/standalone_v5_1/src"
make -C ps7_cortexa9_0/libsrc/standalone_v5_1/src -s libs  "SHELL=CMD" "COMPILER=arm-xilinx-eabi-gcc" "ARCHIVER=arm-xilinx-eabi-ar" "COMPILER_FLAGS=  -O2 -c" "EXTRA_COMPILER_FLAGS=-g"
"Compiling standalone"
"Running Make libs in ps7_cortexa9_0/libsrc/uartps_v3_0/src"
make -C ps7_cortexa9_0/libsrc/uartps_v3_0/src -s libs  "SHELL=CMD" "COMPILER=arm-xilinx-eabi-gcc" "ARCHIVER=arm-xilinx-eabi-ar" "COMPILER_FLAGS=  -O2 -c" "EXTRA_COMPILER_FLAGS=-g"
"Compiling uartps"
"Running Make libs in ps7_cortexa9_0/libsrc/xadcps_v2_2/src"
make -C ps7_cortexa9_0/libsrc/xadcps_v2_2/src -s libs  "SHELL=CMD" "COMPILER=arm-xilinx-eabi-gcc" "ARCHIVER=arm-xilinx-eabi-ar" "COMPILER_FLAGS=  -O2 -c" "EXTRA_COMPILER_FLAGS=-g"
"Compiling xadcps"
'Finished building libraries'
02:08:30 **** Build of configuration Debug for project lab6SoC ****
make all 
'Building file: ../src/lab5.c'
'Invoking: ARM gcc compiler'
arm-xilinx-eabi-gcc -Wall -O0 -g3 -c -fmessage-length=0 -MT"src/lab5.o" -I../../lab6SoC_bsp/ps7_cortexa9_0/include -MMD -MP -MF"src/lab5.d" -MT"src/lab5.d" -o "src/lab5.o" "../src/lab5.c"
../src/lab5.c:7:1: error: unknown type name 'XScuTimer'
 XScuTimer Timer;  /* Cortex A9 SCU Private Timer Instance */
 ^
../src/lab5.c: In function 'main':
../src/lab5.c:18:4: error: unknown type name 'XScuTimer_Config'
    XScuTimer_Config *ConfigPtr;
    ^
../src/lab5.c:19:4: error: unknown type name 'XScuTimer'
    XScuTimer *TimerInstancePtr = &Timer;
    ^
../src/lab5.c:26:28: error: 'XPAR_BUTTONS_DEVICE_ID' undeclared (first use in this function)
    XGpio_Initialize(&push, XPAR_BUTTONS_DEVICE_ID);
                            ^
../src/lab5.c:26:28: note: each undeclared identifier is reported only once for each function it appears in
../src/lab5.c:48:5: warning: implicit declaration of function 'XScuTimer_Stop' [-Wimplicit-function-declaration]
     XScuTimer_Stop(TimerInstancePtr);
     ^
../src/lab5.c:59:4: warning: implicit declaration of function 'XScuTimer_IsExpired' [-Wimplicit-function-declaration]
    if(XScuTimer_IsExpired(TimerInstancePtr)) {
    ^
../src/lab5.c:18:22: warning: unused variable 'ConfigPtr' [-Wunused-variable]
    XScuTimer_Config *ConfigPtr;
                      ^
../src/lab5.c:15:53: warning: unused variable 'Status' [-Wunused-variable]
    int psb_check, dip_check, dip_check_prev, count, Status;
                                                     ^
../src/lab5.c:15:46: warning: variable 'count' set but not used [-Wunused-but-set-variable]
    int psb_check, dip_check, dip_check_prev, count, Status;
                                              ^
make: *** [src/lab5.o] ¥ÌŒÛ 1
02:09:58 **** Clean-only build of configuration Debug for project lab6SoC ****
make clean 
rm -rf  ./src/lab5.o  ./src/lab5.d  lab6SoC.elf.size  lab6SoC.elf
' '
02:09:58 **** Auto Build of configuration Debug for project lab6SoC ****
make all 
'Building file: ../src/lab6.c'
'Invoking: ARM gcc compiler'
arm-xilinx-eabi-gcc -Wall -O0 -g3 -c -fmessage-length=0 -MT"src/lab6.o" -I../../lab6SoC_bsp/ps7_cortexa9_0/include -MMD -MP -MF"src/lab6.d" -MT"src/lab6.d" -o "src/lab6.o" "../src/lab6.c"
../src/lab6.c:7:1: error: unknown type name 'XScuTimer'
 XScuTimer Timer;  /* Cortex A9 SCU Private Timer Instance */
 ^
../src/lab6.c: In function 'main':
../src/lab6.c:18:4: error: unknown type name 'XScuTimer_Config'
    XScuTimer_Config *ConfigPtr;
    ^
../src/lab6.c:19:4: error: unknown type name 'XScuTimer'
    XScuTimer *TimerInstancePtr = &Timer;
    ^
../src/lab6.c:26:28: error: 'XPAR_BUTTONS_DEVICE_ID' undeclared (first use in this function)
    XGpio_Initialize(&push, XPAR_BUTTONS_DEVICE_ID);
                            ^
../src/lab6.c:26:28: note: each undeclared identifier is reported only once for each function it appears in
../src/lab6.c:48:5: warning: implicit declaration of function 'XScuTimer_Stop' [-Wimplicit-function-declaration]
     XScuTimer_Stop(TimerInstancePtr);
     ^
../src/lab6.c:59:4: warning: implicit declaration of function 'XScuTimer_IsExpired' [-Wimplicit-function-declaration]
    if(XScuTimer_IsExpired(TimerInstancePtr)) {
    ^
../src/lab6.c:18:22: warning: unused variable 'ConfigPtr' [-Wunused-variable]
    XScuTimer_Config *ConfigPtr;
                      ^
../src/lab6.c:15:53: warning: unused variable 'Status' [-Wunused-variable]
    int psb_check, dip_check, dip_check_prev, count, Status;
                                                     ^
../src/lab6.c:15:46: warning: variable 'count' set but not used [-Wunused-but-set-variable]
    int psb_check, dip_check, dip_check_prev, count, Status;
                                              ^
make: *** [src/lab6.o] ¥ÌŒÛ 1
02:15:06 **** Auto Build of configuration Debug for project lab6SoC ****
make all 
'Building file: ../src/lab6.c'
'Invoking: ARM gcc compiler'
arm-xilinx-eabi-gcc -Wall -O0 -g3 -c -fmessage-length=0 -MT"src/lab6.o" -I../../lab6SoC_bsp/ps7_cortexa9_0/include -MMD -MP -MF"src/lab6.d" -MT"src/lab6.d" -o "src/lab6.o" "../src/lab6.c"
../src/lab6.c:4:10: error: #include expects "FILENAME" or <FILENAME>
 #include °∞xscutimer.h°±
          ^
../src/lab6.c:8:1: error: unknown type name 'XScuTimer'
 XScuTimer Timer;  /* Cortex A9 SCU Private Timer Instance */
 ^
../src/lab6.c: In function 'main':
../src/lab6.c:19:4: error: unknown type name 'XScuTimer_Config'
    XScuTimer_Config *ConfigPtr;
    ^
../src/lab6.c:20:4: error: unknown type name 'XScuTimer'
    XScuTimer *TimerInstancePtr = &Timer;
    ^
../src/lab6.c:27:28: error: 'XPAR_BUTTONS_DEVICE_ID' undeclared (first use in this function)
    XGpio_Initialize(&push, XPAR_BUTTONS_DEVICE_ID);
                            ^
../src/lab6.c:27:28: note: each undeclared identifier is reported only once for each function it appears in
../src/lab6.c:49:5: warning: implicit declaration of function 'XScuTimer_Stop' [-Wimplicit-function-declaration]
     XScuTimer_Stop(TimerInstancePtr);
     ^
../src/lab6.c:60:4: warning: implicit declaration of function 'XScuTimer_IsExpired' [-Wimplicit-function-declaration]
    if(XScuTimer_IsExpired(TimerInstancePtr)) {
    ^
../src/lab6.c:19:22: warning: unused variable 'ConfigPtr' [-Wunused-variable]
    XScuTimer_Config *ConfigPtr;
                      ^
../src/lab6.c:16:53: warning: unused variable 'Status' [-Wunused-variable]
    int psb_check, dip_check, dip_check_prev, count, Status;
                                                     ^
../src/lab6.c:16:46: warning: variable 'count' set but not used [-Wunused-but-set-variable]
    int psb_check, dip_check, dip_check_prev, count, Status;
                                              ^
make: *** [src/lab6.o] ¥ÌŒÛ 1
02:15:28 **** Auto Build of configuration Debug for project lab6SoC ****
make all 
'Building file: ../src/lab6.c'
'Invoking: ARM gcc compiler'
arm-xilinx-eabi-gcc -Wall -O0 -g3 -c -fmessage-length=0 -MT"src/lab6.o" -I../../lab6SoC_bsp/ps7_cortexa9_0/include -MMD -MP -MF"src/lab6.d" -MT"src/lab6.d" -o "src/lab6.o" "../src/lab6.c"
../src/lab6.c: In function 'main':
../src/lab6.c:27:28: error: 'XPAR_BUTTONS_DEVICE_ID' undeclared (first use in this function)
    XGpio_Initialize(&push, XPAR_BUTTONS_DEVICE_ID);
                            ^
../src/lab6.c:27:28: note: each undeclared identifier is reported only once for each function it appears in
../src/lab6.c:19:22: warning: unused variable 'ConfigPtr' [-Wunused-variable]
    XScuTimer_Config *ConfigPtr;
                      ^
../src/lab6.c:16:53: warning: unused variable 'Status' [-Wunused-variable]
    int psb_check, dip_check, dip_check_prev, count, Status;
                                                     ^
../src/lab6.c:16:46: warning: variable 'count' set but not used [-Wunused-but-set-variable]
    int psb_check, dip_check, dip_check_prev, count, Status;
                                              ^
make: *** [src/lab6.o] ¥ÌŒÛ 1
02:23:44 **** Auto Build of configuration Debug for project lab6SoC ****
make all 
'Building file: ../src/lab6.c'
'Invoking: ARM gcc compiler'
arm-xilinx-eabi-gcc -Wall -O0 -g3 -c -fmessage-length=0 -MT"src/lab6.o" -I../../lab6SoC_bsp/ps7_cortexa9_0/include -MMD -MP -MF"src/lab6.d" -MT"src/lab6.d" -o "src/lab6.o" "../src/lab6.c"
../src/lab6.c: In function 'main':
../src/lab6.c:27:28: error: 'XPAR_BUTTONS_DEVICE_ID' undeclared (first use in this function)
    XGpio_Initialize(&push, XPAR_BUTTONS_DEVICE_ID);
                            ^
../src/lab6.c:27:28: note: each undeclared identifier is reported only once for each function it appears in
../src/lab6.c:33:4: error: too few arguments to function 'XScuTimer_LookupConfig'
    XScuTimer_LookupConfig();
    ^
In file included from ../src/lab6.c:4:0:
../../lab6SoC_bsp/ps7_cortexa9_0/include/xscutimer.h:341:19: note: declared here
 XScuTimer_Config *XScuTimer_LookupConfig(u16 DeviceId);
                   ^
../src/lab6.c:19:22: warning: unused variable 'ConfigPtr' [-Wunused-variable]
    XScuTimer_Config *ConfigPtr;
                      ^
../src/lab6.c:16:53: warning: unused variable 'Status' [-Wunused-variable]
    int psb_check, dip_check, dip_check_prev, count, Status;
                                                     ^
../src/lab6.c:16:46: warning: variable 'count' set but not used [-Wunused-but-set-variable]
    int psb_check, dip_check, dip_check_prev, count, Status;
                                              ^
make: *** [src/lab6.o] ¥ÌŒÛ 1
02:24:32 **** Auto Build of configuration Debug for project lab6SoC ****
make all 
'Building file: ../src/lab6.c'
'Invoking: ARM gcc compiler'
arm-xilinx-eabi-gcc -Wall -O0 -g3 -c -fmessage-length=0 -MT"src/lab6.o" -I../../lab6SoC_bsp/ps7_cortexa9_0/include -MMD -MP -MF"src/lab6.d" -MT"src/lab6.d" -o "src/lab6.o" "../src/lab6.c"
../src/lab6.c: In function 'main':
../src/lab6.c:33:4: error: too few arguments to function 'XScuTimer_LookupConfig'
    XScuTimer_LookupConfig();
    ^
In file included from ../src/lab6.c:4:0:
../../lab6SoC_bsp/ps7_cortexa9_0/include/xscutimer.h:341:19: note: declared here
 XScuTimer_Config *XScuTimer_LookupConfig(u16 DeviceId);
                   ^
../src/lab6.c:19:22: warning: unused variable 'ConfigPtr' [-Wunused-variable]
    XScuTimer_Config *ConfigPtr;
                      ^
../src/lab6.c:16:53: warning: unused variable 'Status' [-Wunused-variable]
    int psb_check, dip_check, dip_check_prev, count, Status;
                                                     ^
../src/lab6.c:16:46: warning: variable 'count' set but not used [-Wunused-but-set-variable]
    int psb_check, dip_check, dip_check_prev, count, Status;
                                              ^
make: *** [src/lab6.o] ¥ÌŒÛ 1
05:45:57 **** Auto Build of configuration Debug for project lab6SoC ****
make all 
'Building file: ../src/lab6.c'
'Invoking: ARM gcc compiler'
arm-xilinx-eabi-gcc -Wall -O0 -g3 -c -fmessage-length=0 -MT"src/lab6.o" -I../../lab6SoC_bsp/ps7_cortexa9_0/include -MMD -MP -MF"src/lab6.d" -MT"src/lab6.d" -o "src/lab6.o" "../src/lab6.c"
../src/lab6.c: In function 'main':
../src/lab6.c:26:28: error: 'XPAR_BUTTONS_DEVICE_ID' undeclared (first use in this function)
    XGpio_Initialize(&push, XPAR_BUTTONS_DEVICE_ID);
                            ^
../src/lab6.c:26:28: note: each undeclared identifier is reported only once for each function it appears in
In file included from ../src/lab6.c:3:0:
../src/lab6.c:68:25: error: 'XPAR_LED_IP_S_AXI_BASEADDR' undeclared (first use in this function)
        LED_IP_mWriteReg(XPAR_LED_IP_S_AXI_BASEADDR, 0, count);
                         ^
../../lab6SoC_bsp/ps7_cortexa9_0/include/led_ip.h:35:15: note: in definition of macro 'LED_IP_mWriteReg'
    Xil_Out32((BaseAddress) + (RegOffset), (u32)(Data))
               ^
make: *** [src/lab6.o] ¥ÌŒÛ 1
05:46:13 **** Auto Build of configuration Debug for project lab6SoC ****
make all 
'Building file: ../src/lab6.c'
'Invoking: ARM gcc compiler'
arm-xilinx-eabi-gcc -Wall -O0 -g3 -c -fmessage-length=0 -MT"src/lab6.o" -I../../lab6SoC_bsp/ps7_cortexa9_0/include -MMD -MP -MF"src/lab6.d" -MT"src/lab6.d" -o "src/lab6.o" "../src/lab6.c"
In file included from ../src/lab6.c:3:0:
../src/lab6.c: In function 'main':
../src/lab6.c:68:25: error: 'XPAR_LED_IP_S_AXI_BASEADDR' undeclared (first use in this function)
        LED_IP_mWriteReg(XPAR_LED_IP_S_AXI_BASEADDR, 0, count);
                         ^
../../lab6SoC_bsp/ps7_cortexa9_0/include/led_ip.h:35:15: note: in definition of macro 'LED_IP_mWriteReg'
    Xil_Out32((BaseAddress) + (RegOffset), (u32)(Data))
               ^
../src/lab6.c:68:25: note: each undeclared identifier is reported only once for each function it appears in
        LED_IP_mWriteReg(XPAR_LED_IP_S_AXI_BASEADDR, 0, count);
                         ^
../../lab6SoC_bsp/ps7_cortexa9_0/include/led_ip.h:35:15: note: in definition of macro 'LED_IP_mWriteReg'
    Xil_Out32((BaseAddress) + (RegOffset), (u32)(Data))
               ^
make: *** [src/lab6.o] ¥ÌŒÛ 1
05:47:56 **** Auto Build of configuration Debug for project lab6SoC ****
make all 
'Building file: ../src/lab6.c'
'Invoking: ARM gcc compiler'
arm-xilinx-eabi-gcc -Wall -O0 -g3 -c -fmessage-length=0 -MT"src/lab6.o" -I../../lab6SoC_bsp/ps7_cortexa9_0/include -MMD -MP -MF"src/lab6.d" -MT"src/lab6.d" -o "src/lab6.o" "../src/lab6.c"
'Finished building: ../src/lab6.c'
' '
'Building target: lab6SoC.elf'
'Invoking: ARM gcc linker'
arm-xilinx-eabi-gcc -Wl,-T -Wl,../src/lscript.ld -L../../lab6SoC_bsp/ps7_cortexa9_0/lib -o "lab6SoC.elf"  ./src/lab6.o   -Wl,--start-group,-lxil,-lgcc,-lc,--end-group
'Finished building target: lab6SoC.elf'
' '
'Invoking: ARM Print Size'
arm-xilinx-eabi-size lab6SoC.elf  |tee "lab6SoC.elf.size"
   text	   data	    bss	    dec	    hex	filename
  25056	   1192	  22596	  48844	   becc	lab6SoC.elf
'Finished building: lab6SoC.elf.size'
' '
05:49:17 **** Incremental Build of configuration Debug for project lab6SoC ****
make all 
make: Nothing to be done for `all'.
06:03:45 **** Incremental Build of configuration Debug for project lab6SoC ****
make all 
make: Nothing to be done for `all'.
06:25:36 **** Build of project lab7_bsp ****
make -k all 
"Running Make include in ps7_cortexa9_0/libsrc/bram_v4_0/src"
make -C ps7_cortexa9_0/libsrc/bram_v4_0/src -s include  "SHELL=CMD" "COMPILER=arm-xilinx-eabi-gcc" "ARCHIVER=arm-xilinx-eabi-ar" "COMPILER_FLAGS=  -O2 -c" "EXTRA_COMPILER_FLAGS=-g"
"Running Make include in ps7_cortexa9_0/libsrc/coresightps_dcc_v1_0/src"
make -C ps7_cortexa9_0/libsrc/coresightps_dcc_v1_0/src -s include  "SHELL=CMD" "COMPILER=arm-xilinx-eabi-gcc" "ARCHIVER=arm-xilinx-eabi-ar" "COMPILER_FLAGS=  -O2 -c" "EXTRA_COMPILER_FLAGS=-g"
"Running Make include in ps7_cortexa9_0/libsrc/cpu_cortexa9_v2_1/src"
make -C ps7_cortexa9_0/libsrc/cpu_cortexa9_v2_1/src -s include  "SHELL=CMD" "COMPILER=arm-xilinx-eabi-gcc" "ARCHIVER=arm-xilinx-eabi-ar" "COMPILER_FLAGS=  -O2 -c" "EXTRA_COMPILER_FLAGS=-g"
"Running Make include in ps7_cortexa9_0/libsrc/devcfg_v3_3/src"
make -C ps7_cortexa9_0/libsrc/devcfg_v3_3/src -s include  "SHELL=CMD" "COMPILER=arm-xilinx-eabi-gcc" "ARCHIVER=arm-xilinx-eabi-ar" "COMPILER_FLAGS=  -O2 -c" "EXTRA_COMPILER_FLAGS=-g"
"Running Make include in ps7_cortexa9_0/libsrc/dmaps_v2_1/src"
make -C ps7_cortexa9_0/libsrc/dmaps_v2_1/src -s include  "SHELL=CMD" "COMPILER=arm-xilinx-eabi-gcc" "ARCHIVER=arm-xilinx-eabi-ar" "COMPILER_FLAGS=  -O2 -c" "EXTRA_COMPILER_FLAGS=-g"
"Running Make include in ps7_cortexa9_0/libsrc/gpio_v4_0/src"
make -C ps7_cortexa9_0/libsrc/gpio_v4_0/src -s include  "SHELL=CMD" "COMPILER=arm-xilinx-eabi-gcc" "ARCHIVER=arm-xilinx-eabi-ar" "COMPILER_FLAGS=  -O2 -c" "EXTRA_COMPILER_FLAGS=-g"
"Running Make include in ps7_cortexa9_0/libsrc/gpiops_v3_0/src"
make -C ps7_cortexa9_0/libsrc/gpiops_v3_0/src -s include  "SHELL=CMD" "COMPILER=arm-xilinx-eabi-gcc" "ARCHIVER=arm-xilinx-eabi-ar" "COMPILER_FLAGS=  -O2 -c" "EXTRA_COMPILER_FLAGS=-g"
"Running Make include in ps7_cortexa9_0/libsrc/led_ip_v1_0/src"
make -C ps7_cortexa9_0/libsrc/led_ip_v1_0/src -s include  "SHELL=CMD" "COMPILER=arm-xilinx-eabi-gcc" "ARCHIVER=arm-xilinx-eabi-ar" "COMPILER_FLAGS=  -O2 -c" "EXTRA_COMPILER_FLAGS=-g"
"Running Make include in ps7_cortexa9_0/libsrc/scugic_v3_0/src"
make -C ps7_cortexa9_0/libsrc/scugic_v3_0/src -s include  "SHELL=CMD" "COMPILER=arm-xilinx-eabi-gcc" "ARCHIVER=arm-xilinx-eabi-ar" "COMPILER_FLAGS=  -O2 -c" "EXTRA_COMPILER_FLAGS=-g"
"Running Make include in ps7_cortexa9_0/libsrc/scutimer_v2_1/src"
make -C ps7_cortexa9_0/libsrc/scutimer_v2_1/src -s include  "SHELL=CMD" "COMPILER=arm-xilinx-eabi-gcc" "ARCHIVER=arm-xilinx-eabi-ar" "COMPILER_FLAGS=  -O2 -c" "EXTRA_COMPILER_FLAGS=-g"
"Running Make include in ps7_cortexa9_0/libsrc/scuwdt_v2_1/src"
make -C ps7_cortexa9_0/libsrc/scuwdt_v2_1/src -s include  "SHELL=CMD" "COMPILER=arm-xilinx-eabi-gcc" "ARCHIVER=arm-xilinx-eabi-ar" "COMPILER_FLAGS=  -O2 -c" "EXTRA_COMPILER_FLAGS=-g"
"Running Make include in ps7_cortexa9_0/libsrc/standalone_v5_1/src"
make -C ps7_cortexa9_0/libsrc/standalone_v5_1/src -s include  "SHELL=CMD" "COMPILER=arm-xilinx-eabi-gcc" "ARCHIVER=arm-xilinx-eabi-ar" "COMPILER_FLAGS=  -O2 -c" "EXTRA_COMPILER_FLAGS=-g"
"Running Make include in ps7_cortexa9_0/libsrc/uartps_v3_0/src"
make -C ps7_cortexa9_0/libsrc/uartps_v3_0/src -s include  "SHELL=CMD" "COMPILER=arm-xilinx-eabi-gcc" "ARCHIVER=arm-xilinx-eabi-ar" "COMPILER_FLAGS=  -O2 -c" "EXTRA_COMPILER_FLAGS=-g"
"Running Make include in ps7_cortexa9_0/libsrc/xadcps_v2_2/src"
make -C ps7_cortexa9_0/libsrc/xadcps_v2_2/src -s include  "SHELL=CMD" "COMPILER=arm-xilinx-eabi-gcc" "ARCHIVER=arm-xilinx-eabi-ar" "COMPILER_FLAGS=  -O2 -c" "EXTRA_COMPILER_FLAGS=-g"
"Running Make libs in ps7_cortexa9_0/libsrc/bram_v4_0/src"
make -C ps7_cortexa9_0/libsrc/bram_v4_0/src -s libs  "SHELL=CMD" "COMPILER=arm-xilinx-eabi-gcc" "ARCHIVER=arm-xilinx-eabi-ar" "COMPILER_FLAGS=  -O2 -c" "EXTRA_COMPILER_FLAGS=-g"
"Compiling bram"
arm-xilinx-eabi-ar: creating ../../../lib/libxil.a
"Running Make libs in ps7_cortexa9_0/libsrc/coresightps_dcc_v1_0/src"
make -C ps7_cortexa9_0/libsrc/coresightps_dcc_v1_0/src -s libs  "SHELL=CMD" "COMPILER=arm-xilinx-eabi-gcc" "ARCHIVER=arm-xilinx-eabi-ar" "COMPILER_FLAGS=  -O2 -c" "EXTRA_COMPILER_FLAGS=-g"
"Compiling coresightps_dcc"
"Running Make libs in ps7_cortexa9_0/libsrc/cpu_cortexa9_v2_1/src"
make -C ps7_cortexa9_0/libsrc/cpu_cortexa9_v2_1/src -s libs  "SHELL=CMD" "COMPILER=arm-xilinx-eabi-gcc" "ARCHIVER=arm-xilinx-eabi-ar" "COMPILER_FLAGS=  -O2 -c" "EXTRA_COMPILER_FLAGS=-g"
"Compiling cpu_cortexa9"
"Running Make libs in ps7_cortexa9_0/libsrc/devcfg_v3_3/src"
make -C ps7_cortexa9_0/libsrc/devcfg_v3_3/src -s libs  "SHELL=CMD" "COMPILER=arm-xilinx-eabi-gcc" "ARCHIVER=arm-xilinx-eabi-ar" "COMPILER_FLAGS=  -O2 -c" "EXTRA_COMPILER_FLAGS=-g"
"Compiling devcfg"
"Running Make libs in ps7_cortexa9_0/libsrc/dmaps_v2_1/src"
make -C ps7_cortexa9_0/libsrc/dmaps_v2_1/src -s libs  "SHELL=CMD" "COMPILER=arm-xilinx-eabi-gcc" "ARCHIVER=arm-xilinx-eabi-ar" "COMPILER_FLAGS=  -O2 -c" "EXTRA_COMPILER_FLAGS=-g"
"Compiling dmaps"
"Running Make libs in ps7_cortexa9_0/libsrc/gpio_v4_0/src"
make -C ps7_cortexa9_0/libsrc/gpio_v4_0/src -s libs  "SHELL=CMD" "COMPILER=arm-xilinx-eabi-gcc" "ARCHIVER=arm-xilinx-eabi-ar" "COMPILER_FLAGS=  -O2 -c" "EXTRA_COMPILER_FLAGS=-g"
"Compiling gpio"
"Running Make libs in ps7_cortexa9_0/libsrc/gpiops_v3_0/src"
make -C ps7_cortexa9_0/libsrc/gpiops_v3_0/src -s libs  "SHELL=CMD" "COMPILER=arm-xilinx-eabi-gcc" "ARCHIVER=arm-xilinx-eabi-ar" "COMPILER_FLAGS=  -O2 -c" "EXTRA_COMPILER_FLAGS=-g"
"Compiling gpiops"
"Running Make libs in ps7_cortexa9_0/libsrc/led_ip_v1_0/src"
make -C ps7_cortexa9_0/libsrc/led_ip_v1_0/src -s libs  "SHELL=CMD" "COMPILER=arm-xilinx-eabi-gcc" "ARCHIVER=arm-xilinx-eabi-ar" "COMPILER_FLAGS=  -O2 -c" "EXTRA_COMPILER_FLAGS=-g"
"Compiling led_ip..."
"Running Make libs in ps7_cortexa9_0/libsrc/scugic_v3_0/src"
make -C ps7_cortexa9_0/libsrc/scugic_v3_0/src -s libs  "SHELL=CMD" "COMPILER=arm-xilinx-eabi-gcc" "ARCHIVER=arm-xilinx-eabi-ar" "COMPILER_FLAGS=  -O2 -c" "EXTRA_COMPILER_FLAGS=-g"
"Compiling scugic"
"Running Make libs in ps7_cortexa9_0/libsrc/scutimer_v2_1/src"
make -C ps7_cortexa9_0/libsrc/scutimer_v2_1/src -s libs  "SHELL=CMD" "COMPILER=arm-xilinx-eabi-gcc" "ARCHIVER=arm-xilinx-eabi-ar" "COMPILER_FLAGS=  -O2 -c" "EXTRA_COMPILER_FLAGS=-g"
"Compiling scutimer"
"Running Make libs in ps7_cortexa9_0/libsrc/scuwdt_v2_1/src"
make -C ps7_cortexa9_0/libsrc/scuwdt_v2_1/src -s libs  "SHELL=CMD" "COMPILER=arm-xilinx-eabi-gcc" "ARCHIVER=arm-xilinx-eabi-ar" "COMPILER_FLAGS=  -O2 -c" "EXTRA_COMPILER_FLAGS=-g"
"Compiling scuwdt"
"Running Make libs in ps7_cortexa9_0/libsrc/standalone_v5_1/src"
make -C ps7_cortexa9_0/libsrc/standalone_v5_1/src -s libs  "SHELL=CMD" "COMPILER=arm-xilinx-eabi-gcc" "ARCHIVER=arm-xilinx-eabi-ar" "COMPILER_FLAGS=  -O2 -c" "EXTRA_COMPILER_FLAGS=-g"
"Compiling standalone"
"Running Make libs in ps7_cortexa9_0/libsrc/uartps_v3_0/src"
make -C ps7_cortexa9_0/libsrc/uartps_v3_0/src -s libs  "SHELL=CMD" "COMPILER=arm-xilinx-eabi-gcc" "ARCHIVER=arm-xilinx-eabi-ar" "COMPILER_FLAGS=  -O2 -c" "EXTRA_COMPILER_FLAGS=-g"
"Compiling uartps"
"Running Make libs in ps7_cortexa9_0/libsrc/xadcps_v2_2/src"
make -C ps7_cortexa9_0/libsrc/xadcps_v2_2/src -s libs  "SHELL=CMD" "COMPILER=arm-xilinx-eabi-gcc" "ARCHIVER=arm-xilinx-eabi-ar" "COMPILER_FLAGS=  -O2 -c" "EXTRA_COMPILER_FLAGS=-g"
"Compiling xadcps"
'Finished building libraries'

**** Build of configuration Debug for project lab7 ****

Nothing to build for project lab7
06:26:21 **** Auto Build of configuration Debug for project lab7 ****
make all 
'Building file: ../src/Pingpong_template_2019spring.c'
'Invoking: ARM gcc compiler'
arm-xilinx-eabi-gcc -Wall -O0 -g3 -c -fmessage-length=0 -MT"src/Pingpong_template_2019spring.o" -I../../lab7_bsp/ps7_cortexa9_0/include -MMD -MP -MF"src/Pingpong_template_2019spring.d" -MT"src/Pingpong_template_2019spring.d" -o "src/Pingpong_template_2019spring.o" "../src/Pingpong_template_2019spring.c"
../src/Pingpong_template_2019spring.c: In function 'main':
../src/Pingpong_template_2019spring.c:38:15: warning: unused variable 'i' [-Wunused-variable]
  unsigned int i;
               ^
../src/Pingpong_template_2019spring.c: In function 'MoveBallRight':
../src/Pingpong_template_2019spring.c:61:9: warning: variable 'EarlyPress' set but not used [-Wunused-but-set-variable]
 char i, EarlyPress;
         ^
../src/Pingpong_template_2019spring.c:61:6: warning: unused variable 'i' [-Wunused-variable]
 char i, EarlyPress;
      ^
../src/Pingpong_template_2019spring.c: In function 'MoveBallLeft':
../src/Pingpong_template_2019spring.c:70:9: warning: variable 'EarlyPress' set but not used [-Wunused-but-set-variable]
 char i, EarlyPress;
         ^
../src/Pingpong_template_2019spring.c:70:6: warning: unused variable 'i' [-Wunused-variable]
 char i, EarlyPress;
      ^
'Finished building: ../src/Pingpong_template_2019spring.c'
' '
'Building target: lab7.elf'
'Invoking: ARM gcc linker'
arm-xilinx-eabi-gcc -Wl,-T -Wl,../src/lscript.ld -L../../lab7_bsp/ps7_cortexa9_0/lib -o "lab7.elf"  ./src/Pingpong_template_2019spring.o   -Wl,--start-group,-lxil,-lgcc,-lc,--end-group
'Finished building target: lab7.elf'
' '
'Invoking: ARM Print Size'
arm-xilinx-eabi-size lab7.elf  |tee "lab7.elf.size"
   text	   data	    bss	    dec	    hex	filename
  23740	   1176	  22660	  47576	   b9d8	lab7.elf
'Finished building: lab7.elf.size'
' '
06:34:18 **** Auto Build of configuration Debug for project lab6SoC ****
make all 
make: Nothing to be done for `all'.
06:42:51 **** Auto Build of configuration Debug for project lab7 ****
make all 
'Building file: ../src/Pingpong_template_2019spring.c'
'Invoking: ARM gcc compiler'
arm-xilinx-eabi-gcc -Wall -O0 -g3 -c -fmessage-length=0 -MT"src/Pingpong_template_2019spring.o" -I../../lab7_bsp/ps7_cortexa9_0/include -MMD -MP -MF"src/Pingpong_template_2019spring.d" -MT"src/Pingpong_template_2019spring.d" -o "src/Pingpong_template_2019spring.o" "../src/Pingpong_template_2019spring.c"
../src/Pingpong_template_2019spring.c: In function 'main':
../src/Pingpong_template_2019spring.c:41:4: error: stray '\243' in program
    scoreright = 0£ª
    ^
../src/Pingpong_template_2019spring.c:41:4: error: stray '\273' in program
../src/Pingpong_template_2019spring.c:44:4: error: expected ';' before 'xil_printf'
    xil_printf("-- Start of the Ping Pong Program --\r\n");
    ^
../src/Pingpong_template_2019spring.c:38:15: warning: unused variable 'i' [-Wunused-variable]
  unsigned int i;
               ^
../src/Pingpong_template_2019spring.c: In function 'MoveBallRight':
../src/Pingpong_template_2019spring.c:65:9: warning: variable 'EarlyPress' set but not used [-Wunused-but-set-variable]
 char i, EarlyPress;
         ^
../src/Pingpong_template_2019spring.c:65:6: warning: unused variable 'i' [-Wunused-variable]
 char i, EarlyPress;
      ^
../src/Pingpong_template_2019spring.c: In function 'MoveBallLeft':
../src/Pingpong_template_2019spring.c:74:9: warning: variable 'EarlyPress' set but not used [-Wunused-but-set-variable]
 char i, EarlyPress;
         ^
../src/Pingpong_template_2019spring.c:74:6: warning: unused variable 'i' [-Wunused-variable]
 char i, EarlyPress;
      ^
make: *** [src/Pingpong_template_2019spring.o] ¥ÌŒÛ 1
06:43:00 **** Auto Build of configuration Debug for project lab7 ****
make all 
'Building file: ../src/Pingpong_template_2019spring.c'
'Invoking: ARM gcc compiler'
arm-xilinx-eabi-gcc -Wall -O0 -g3 -c -fmessage-length=0 -MT"src/Pingpong_template_2019spring.o" -I../../lab7_bsp/ps7_cortexa9_0/include -MMD -MP -MF"src/Pingpong_template_2019spring.d" -MT"src/Pingpong_template_2019spring.d" -o "src/Pingpong_template_2019spring.o" "../src/Pingpong_template_2019spring.c"
../src/Pingpong_template_2019spring.c: In function 'main':
../src/Pingpong_template_2019spring.c:41:4: error: stray '\243' in program
    scoreright = 0£ª
    ^
../src/Pingpong_template_2019spring.c:41:4: error: stray '\273' in program
../src/Pingpong_template_2019spring.c:44:4: error: expected ';' before 'xil_printf'
    xil_printf("-- Start of the Ping Pong Program --\r\n");
    ^
../src/Pingpong_template_2019spring.c:38:15: warning: unused variable 'i' [-Wunused-variable]
  unsigned int i;
               ^
../src/Pingpong_template_2019spring.c: In function 'MoveBallRight':
../src/Pingpong_template_2019spring.c:65:9: warning: variable 'EarlyPress' set but not used [-Wunused-but-set-variable]
 char i, EarlyPress;
         ^
../src/Pingpong_template_2019spring.c:65:6: warning: unused variable 'i' [-Wunused-variable]
 char i, EarlyPress;
      ^
../src/Pingpong_template_2019spring.c: In function 'MoveBallLeft':
../src/Pingpong_template_2019spring.c:74:9: warning: variable 'EarlyPress' set but not used [-Wunused-but-set-variable]
 char i, EarlyPress;
         ^
../src/Pingpong_template_2019spring.c:74:6: warning: unused variable 'i' [-Wunused-variable]
 char i, EarlyPress;
      ^
make: *** [src/Pingpong_template_2019spring.o] ¥ÌŒÛ 1
06:43:56 **** Auto Build of configuration Debug for project lab7 ****
make all 
'Building file: ../src/Pingpong_template_2019spring.c'
'Invoking: ARM gcc compiler'
arm-xilinx-eabi-gcc -Wall -O0 -g3 -c -fmessage-length=0 -MT"src/Pingpong_template_2019spring.o" -I../../lab7_bsp/ps7_cortexa9_0/include -MMD -MP -MF"src/Pingpong_template_2019spring.d" -MT"src/Pingpong_template_2019spring.d" -o "src/Pingpong_template_2019spring.o" "../src/Pingpong_template_2019spring.c"
../src/Pingpong_template_2019spring.c: In function 'main':
../src/Pingpong_template_2019spring.c:38:15: warning: unused variable 'i' [-Wunused-variable]
  unsigned int i;
               ^
../src/Pingpong_template_2019spring.c: In function 'MoveBallRight':
../src/Pingpong_template_2019spring.c:66:9: warning: variable 'EarlyPress' set but not used [-Wunused-but-set-variable]
 char i, EarlyPress;
         ^
../src/Pingpong_template_2019spring.c:66:6: warning: unused variable 'i' [-Wunused-variable]
 char i, EarlyPress;
      ^
../src/Pingpong_template_2019spring.c: In function 'MoveBallLeft':
../src/Pingpong_template_2019spring.c:75:9: warning: variable 'EarlyPress' set but not used [-Wunused-but-set-variable]
 char i, EarlyPress;
         ^
../src/Pingpong_template_2019spring.c:75:6: warning: unused variable 'i' [-Wunused-variable]
 char i, EarlyPress;
      ^
'Finished building: ../src/Pingpong_template_2019spring.c'
' '
'Building target: lab7.elf'
'Invoking: ARM gcc linker'
arm-xilinx-eabi-gcc -Wl,-T -Wl,../src/lscript.ld -L../../lab7_bsp/ps7_cortexa9_0/lib -o "lab7.elf"  ./src/Pingpong_template_2019spring.o   -Wl,--start-group,-lxil,-lgcc,-lc,--end-group
'Finished building target: lab7.elf'
' '
'Invoking: ARM Print Size'
arm-xilinx-eabi-size lab7.elf  |tee "lab7.elf.size"
   text	   data	    bss	    dec	    hex	filename
  23804	   1176	  22660	  47640	   ba18	lab7.elf
'Finished building: lab7.elf.size'
' '
06:44:17 **** Auto Build of configuration Debug for project lab7 ****
make all 
'Building file: ../src/Pingpong_template_2019spring.c'
'Invoking: ARM gcc compiler'
arm-xilinx-eabi-gcc -Wall -O0 -g3 -c -fmessage-length=0 -MT"src/Pingpong_template_2019spring.o" -I../../lab7_bsp/ps7_cortexa9_0/include -MMD -MP -MF"src/Pingpong_template_2019spring.d" -MT"src/Pingpong_template_2019spring.d" -o "src/Pingpong_template_2019spring.o" "../src/Pingpong_template_2019spring.c"
../src/Pingpong_template_2019spring.c: In function 'main':
../src/Pingpong_template_2019spring.c:38:15: warning: unused variable 'i' [-Wunused-variable]
  unsigned int i;
               ^
../src/Pingpong_template_2019spring.c: In function 'MoveBallRight':
../src/Pingpong_template_2019spring.c:64:9: warning: variable 'EarlyPress' set but not used [-Wunused-but-set-variable]
 char i, EarlyPress;
         ^
../src/Pingpong_template_2019spring.c:64:6: warning: unused variable 'i' [-Wunused-variable]
 char i, EarlyPress;
      ^
../src/Pingpong_template_2019spring.c: In function 'MoveBallLeft':
../src/Pingpong_template_2019spring.c:73:9: warning: variable 'EarlyPress' set but not used [-Wunused-but-set-variable]
 char i, EarlyPress;
         ^
../src/Pingpong_template_2019spring.c:73:6: warning: unused variable 'i' [-Wunused-variable]
 char i, EarlyPress;
      ^
'Finished building: ../src/Pingpong_template_2019spring.c'
' '
'Building target: lab7.elf'
'Invoking: ARM gcc linker'
arm-xilinx-eabi-gcc -Wl,-T -Wl,../src/lscript.ld -L../../lab7_bsp/ps7_cortexa9_0/lib -o "lab7.elf"  ./src/Pingpong_template_2019spring.o   -Wl,--start-group,-lxil,-lgcc,-lc,--end-group
'Finished building target: lab7.elf'
' '
'Invoking: ARM Print Size'
arm-xilinx-eabi-size lab7.elf  |tee "lab7.elf.size"
   text	   data	    bss	    dec	    hex	filename
  23804	   1176	  22660	  47640	   ba18	lab7.elf
'Finished building: lab7.elf.size'
' '
06:45:50 **** Auto Build of configuration Debug for project lab7 ****
make all 
'Building file: ../src/Pingpong_template_2019spring.c'
'Invoking: ARM gcc compiler'
arm-xilinx-eabi-gcc -Wall -O0 -g3 -c -fmessage-length=0 -MT"src/Pingpong_template_2019spring.o" -I../../lab7_bsp/ps7_cortexa9_0/include -MMD -MP -MF"src/Pingpong_template_2019spring.d" -MT"src/Pingpong_template_2019spring.d" -o "src/Pingpong_template_2019spring.o" "../src/Pingpong_template_2019spring.c"
../src/Pingpong_template_2019spring.c: In function 'main':
../src/Pingpong_template_2019spring.c:36:15: warning: unused variable 'i' [-Wunused-variable]
 
               ^
../src/Pingpong_template_2019spring.c: In function 'MoveBallRight':
[...]
make all 
make: Nothing to be done for `all'.
15:23:58 **** Incremental Build of configuration Debug for project lab6SoC ****
make all 
make: Nothing to be done for `all'.
15:23:58 **** Incremental Build of configuration Debug for project lab7 ****
make all 
make: Nothing to be done for `all'.
15:24:30 **** Incremental Build of configuration Debug for project lab6SoC ****
make all 
make: Nothing to be done for `all'.
15:24:31 **** Incremental Build of configuration Debug for project lab7 ****
make all 
make: Nothing to be done for `all'.
15:24:39 **** Incremental Build of configuration Debug for project lab6SoC ****
make all 
make: Nothing to be done for `all'.
15:24:39 **** Incremental Build of configuration Debug for project lab7 ****
make all 
make: Nothing to be done for `all'.
15:26:10 **** Incremental Build of configuration Debug for project lab6SoC ****
make all 
make: Nothing to be done for `all'.
15:26:10 **** Incremental Build of configuration Debug for project lab7 ****
make all 
make: Nothing to be done for `all'.
15:26:36 **** Incremental Build of configuration Debug for project lab6SoC ****
make all 
make: Nothing to be done for `all'.
15:26:36 **** Incremental Build of configuration Debug for project lab7 ****
make all 
make: Nothing to be done for `all'.
15:28:41 **** Auto Build of configuration Debug for project lab7 ****
make all 
'Building file: ../src/Pingpong_template_2019spring.c'
'Invoking: ARM gcc compiler'
arm-xilinx-eabi-gcc -Wall -O0 -g3 -c -fmessage-length=0 -MT"src/Pingpong_template_2019spring.o" -I../../lab7_bsp/ps7_cortexa9_0/include -MMD -MP -MF"src/Pingpong_template_2019spring.d" -MT"src/Pingpong_template_2019spring.d" -o "src/Pingpong_template_2019spring.o" "../src/Pingpong_template_2019spring.c"
'Finished building: ../src/Pingpong_template_2019spring.c'
' '
'Building target: lab7.elf'
'Invoking: ARM gcc linker'
arm-xilinx-eabi-gcc -Wl,-T -Wl,../src/lscript.ld -L../../lab7_bsp/ps7_cortexa9_0/lib -o "lab7.elf"  ./src/Pingpong_template_2019spring.o   -Wl,--start-group,-lxil,-lgcc,-lc,--end-group
'Finished building target: lab7.elf'
' '
'Invoking: ARM Print Size'
arm-xilinx-eabi-size lab7.elf  |tee "lab7.elf.size"
   text	   data	    bss	    dec	    hex	filename
  27268	   1216	  22660	  51144	   c7c8	lab7.elf
'Finished building: lab7.elf.size'
' '
15:28:49 **** Incremental Build of configuration Debug for project lab6SoC ****
make all 
make: Nothing to be done for `all'.
15:28:49 **** Incremental Build of configuration Debug for project lab7 ****
make all 
make: Nothing to be done for `all'.
15:37:51 **** Incremental Build of configuration Debug for project lab6SoC ****
make all 
make: Nothing to be done for `all'.
15:37:51 **** Incremental Build of configuration Debug for project lab7 ****
make all 
make: Nothing to be done for `all'.
16:31:26 **** Auto Build of configuration Debug for project lab7 ****
make all 
'Building file: ../src/Pingpong_template_2019spring.c'
'Invoking: ARM gcc compiler'
arm-xilinx-eabi-gcc -Wall -O0 -g3 -c -fmessage-length=0 -MT"src/Pingpong_template_2019spring.o" -I../../lab7_bsp/ps7_cortexa9_0/include -MMD -MP -MF"src/Pingpong_template_2019spring.d" -MT"src/Pingpong_template_2019spring.d" -o "src/Pingpong_template_2019spring.o" "../src/Pingpong_template_2019spring.c"
'Finished building: ../src/Pingpong_template_2019spring.c'
' '
'Building target: lab7.elf'
'Invoking: ARM gcc linker'
arm-xilinx-eabi-gcc -Wl,-T -Wl,../src/lscript.ld -L../../lab7_bsp/ps7_cortexa9_0/lib -o "lab7.elf"  ./src/Pingpong_template_2019spring.o   -Wl,--start-group,-lxil,-lgcc,-lc,--end-group
'Finished building target: lab7.elf'
' '
'Invoking: ARM Print Size'
arm-xilinx-eabi-size lab7.elf  |tee "lab7.elf.size"
   text	   data	    bss	    dec	    hex	filename
  27652	   1216	  22660	  51528	   c948	lab7.elf
'Finished building: lab7.elf.size'
' '
16:31:53 **** Auto Build of configuration Debug for project lab7 ****
make all 
'Building file: ../src/Pingpong_template_2019spring.c'
'Invoking: ARM gcc compiler'
arm-xilinx-eabi-gcc -Wall -O0 -g3 -c -fmessage-length=0 -MT"src/Pingpong_template_2019spring.o" -I../../lab7_bsp/ps7_cortexa9_0/include -MMD -MP -MF"src/Pingpong_template_2019spring.d" -MT"src/Pingpong_template_2019spring.d" -o "src/Pingpong_template_2019spring.o" "../src/Pingpong_template_2019spring.c"
'Finished building: ../src/Pingpong_template_2019spring.c'
' '
'Building target: lab7.elf'
'Invoking: ARM gcc linker'
arm-xilinx-eabi-gcc -Wl,-T -Wl,../src/lscript.ld -L../../lab7_bsp/ps7_cortexa9_0/lib -o "lab7.elf"  ./src/Pingpong_template_2019spring.o   -Wl,--start-group,-lxil,-lgcc,-lc,--end-group
'Finished building target: lab7.elf'
' '
'Invoking: ARM Print Size'
arm-xilinx-eabi-size lab7.elf  |tee "lab7.elf.size"
   text	   data	    bss	    dec	    hex	filename
  27652	   1216	  22660	  51528	   c948	lab7.elf
'Finished building: lab7.elf.size'
' '
16:32:12 **** Incremental Build of configuration Debug for project lab6SoC ****
make all 
make: Nothing to be done for `all'.
16:32:13 **** Incremental Build of configuration Debug for project lab7 ****
make all 
make: Nothing to be done for `all'.
16:36:33 **** Auto Build of configuration Debug for project lab7 ****
make all 
'Building file: ../src/Pingpong_template_2019spring.c'
'Invoking: ARM gcc compiler'
arm-xilinx-eabi-gcc -Wall -O0 -g3 -c -fmessage-length=0 -MT"src/Pingpong_template_2019spring.o" -I../../lab7_bsp/ps7_cortexa9_0/include -MMD -MP -MF"src/Pingpong_template_2019spring.d" -MT"src/Pingpong_template_2019spring.d" -o "src/Pingpong_template_2019spring.o" "../src/Pingpong_template_2019spring.c"
'Finished building: ../src/Pingpong_template_2019spring.c'
' '
'Building target: lab7.elf'
'Invoking: ARM gcc linker'
arm-xilinx-eabi-gcc -Wl,-T -Wl,../src/lscript.ld -L../../lab7_bsp/ps7_cortexa9_0/lib -o "lab7.elf"  ./src/Pingpong_template_2019spring.o   -Wl,--start-group,-lxil,-lgcc,-lc,--end-group
'Finished building target: lab7.elf'
' '
'Invoking: ARM Print Size'
arm-xilinx-eabi-size lab7.elf  |tee "lab7.elf.size"
   text	   data	    bss	    dec	    hex	filename
  27652	   1224	  22660	  51536	   c950	lab7.elf
'Finished building: lab7.elf.size'
' '
16:37:39 **** Auto Build of configuration Debug for project lab7 ****
make all 
'Building file: ../src/Pingpong_template_2019spring.c'
'Invoking: ARM gcc compiler'
arm-xilinx-eabi-gcc -Wall -O0 -g3 -c -fmessage-length=0 -MT"src/Pingpong_template_2019spring.o" -I../../lab7_bsp/ps7_cortexa9_0/include -MMD -MP -MF"src/Pingpong_template_2019spring.d" -MT"src/Pingpong_template_2019spring.d" -o "src/Pingpong_template_2019spring.o" "../src/Pingpong_template_2019spring.c"
'Finished building: ../src/Pingpong_template_2019spring.c'
' '
'Building target: lab7.elf'
'Invoking: ARM gcc linker'
arm-xilinx-eabi-gcc -Wl,-T -Wl,../src/lscript.ld -L../../lab7_bsp/ps7_cortexa9_0/lib -o "lab7.elf"  ./src/Pingpong_template_2019spring.o   -Wl,--start-group,-lxil,-lgcc,-lc,--end-group
'Finished building target: lab7.elf'
' '
'Invoking: ARM Print Size'
arm-xilinx-eabi-size lab7.elf  |tee "lab7.elf.size"
   text	   data	    bss	    dec	    hex	filename
  27652	   1224	  22660	  51536	   c950	lab7.elf
'Finished building: lab7.elf.size'
' '
16:37:45 **** Incremental Build of configuration Debug for project lab6SoC ****
make all 
make: Nothing to be done for `all'.
16:37:46 **** Incremental Build of configuration Debug for project lab7 ****
make all 
make: Nothing to be done for `all'.
16:38:42 **** Auto Build of configuration Debug for project lab7 ****
make all 
'Building file: ../src/Pingpong_template_2019spring.c'
'Invoking: ARM gcc compiler'
arm-xilinx-eabi-gcc -Wall -O0 -g3 -c -fmessage-length=0 -MT"src/Pingpong_template_2019spring.o" -I../../lab7_bsp/ps7_cortexa9_0/include -MMD -MP -MF"src/Pingpong_template_2019spring.d" -MT"src/Pingpong_template_2019spring.d" -o "src/Pingpong_template_2019spring.o" "../src/Pingpong_template_2019spring.c"
'Finished building: ../src/Pingpong_template_2019spring.c'
' '
'Building target: lab7.elf'
'Invoking: ARM gcc linker'
arm-xilinx-eabi-gcc -Wl,-T -Wl,../src/lscript.ld -L../../lab7_bsp/ps7_cortexa9_0/lib -o "lab7.elf"  ./src/Pingpong_template_2019spring.o   -Wl,--start-group,-lxil,-lgcc,-lc,--end-group
'Finished building target: lab7.elf'
' '
'Invoking: ARM Print Size'
arm-xilinx-eabi-size lab7.elf  |tee "lab7.elf.size"
   text	   data	    bss	    dec	    hex	filename
  27652	   1224	  22660	  51536	   c950	lab7.elf
'Finished building: lab7.elf.size'
' '
16:39:51 **** Incremental Build of configuration Debug for project lab6SoC ****
make all 
make: Nothing to be done for `all'.
16:39:52 **** Incremental Build of configuration Debug for project lab7 ****
make all 
make: Nothing to be done for `all'.
16:40:25 **** Incremental Build of configuration Debug for project lab6SoC ****
make all 
make: Nothing to be done for `all'.
16:40:25 **** Incremental Build of configuration Debug for project lab7 ****
make all 
make: Nothing to be done for `all'.
16:43:03 **** Auto Build of configuration Debug for project lab7 ****
make all 
'Building file: ../src/Pingpong_template_2019spring.c'
'Invoking: ARM gcc compiler'
arm-xilinx-eabi-gcc -Wall -O0 -g3 -c -fmessage-length=0 -MT"src/Pingpong_template_2019spring.o" -I../../lab7_bsp/ps7_cortexa9_0/include -MMD -MP -MF"src/Pingpong_template_2019spring.d" -MT"src/Pingpong_template_2019spring.d" -o "src/Pingpong_template_2019spring.o" "../src/Pingpong_template_2019spring.c"
'Finished building: ../src/Pingpong_template_2019spring.c'
' '
'Building target: lab7.elf'
'Invoking: ARM gcc linker'
arm-xilinx-eabi-gcc -Wl,-T -Wl,../src/lscript.ld -L../../lab7_bsp/ps7_cortexa9_0/lib -o "lab7.elf"  ./src/Pingpong_template_2019spring.o   -Wl,--start-group,-lxil,-lgcc,-lc,--end-group
'Finished building target: lab7.elf'
' '
'Invoking: ARM Print Size'
arm-xilinx-eabi-size lab7.elf  |tee "lab7.elf.size"
   text	   data	    bss	    dec	    hex	filename
  27716	   1224	  22660	  51600	   c990	lab7.elf
'Finished building: lab7.elf.size'
' '
16:43:08 **** Incremental Build of configuration Debug for project lab6SoC ****
make all 
make: Nothing to be done for `all'.
16:43:08 **** Incremental Build of configuration Debug for project lab7 ****
make all 
make: Nothing to be done for `all'.
16:45:26 **** Auto Build of configuration Debug for project lab7 ****
make all 
'Building file: ../src/Pingpong_template_2019spring.c'
'Invoking: ARM gcc compiler'
arm-xilinx-eabi-gcc -Wall -O0 -g3 -c -fmessage-length=0 -MT"src/Pingpong_template_2019spring.o" -I../../lab7_bsp/ps7_cortexa9_0/include -MMD -MP -MF"src/Pingpong_template_2019spring.d" -MT"src/Pingpong_template_2019spring.d" -o "src/Pingpong_template_2019spring.o" "../src/Pingpong_template_2019spring.c"
'Finished building: ../src/Pingpong_template_2019spring.c'
' '
'Building target: lab7.elf'
'Invoking: ARM gcc linker'
arm-xilinx-eabi-gcc -Wl,-T -Wl,../src/lscript.ld -L../../lab7_bsp/ps7_cortexa9_0/lib -o "lab7.elf"  ./src/Pingpong_template_2019spring.o   -Wl,--start-group,-lxil,-lgcc,-lc,--end-group
'Finished building target: lab7.elf'
' '
'Invoking: ARM Print Size'
arm-xilinx-eabi-size lab7.elf  |tee "lab7.elf.size"
   text	   data	    bss	    dec	    hex	filename
  27332	   1224	  22660	  51216	   c810	lab7.elf
'Finished building: lab7.elf.size'
' '
16:46:00 **** Auto Build of configuration Debug for project lab7 ****
make all 
'Building file: ../src/Pingpong_template_2019spring.c'
'Invoking: ARM gcc compiler'
arm-xilinx-eabi-gcc -Wall -O0 -g3 -c -fmessage-length=0 -MT"src/Pingpong_template_2019spring.o" -I../../lab7_bsp/ps7_cortexa9_0/include -MMD -MP -MF"src/Pingpong_template_2019spring.d" -MT"src/Pingpong_template_2019spring.d" -o "src/Pingpong_template_2019spring.o" "../src/Pingpong_template_2019spring.c"
'Finished building: ../src/Pingpong_template_2019spring.c'
' '
'Building target: lab7.elf'
'Invoking: ARM gcc linker'
arm-xilinx-eabi-gcc -Wl,-T -Wl,../src/lscript.ld -L../../lab7_bsp/ps7_cortexa9_0/lib -o "lab7.elf"  ./src/Pingpong_template_2019spring.o   -Wl,--start-group,-lxil,-lgcc,-lc,--end-group
'Finished building target: lab7.elf'
' '
'Invoking: ARM Print Size'
arm-xilinx-eabi-size lab7.elf  |tee "lab7.elf.size"
   text	   data	    bss	    dec	    hex	filename
  27332	   1224	  22660	  51216	   c810	lab7.elf
'Finished building: lab7.elf.size'
' '
16:46:05 **** Incremental Build of configuration Debug for project lab6SoC ****
make all 
make: Nothing to be done for `all'.
16:46:06 **** Incremental Build of configuration Debug for project lab7 ****
make all 
make: Nothing to be done for `all'.
16:50:03 **** Auto Build of configuration Debug for project lab7 ****
make all 
'Building file: ../src/Pingpong_template_2019spring.c'
'Invoking: ARM gcc compiler'
arm-xilinx-eabi-gcc -Wall -O0 -g3 -c -fmessage-length=0 -MT"src/Pingpong_template_2019spring.o" -I../../lab7_bsp/ps7_cortexa9_0/include -MMD -MP -MF"src/Pingpong_template_2019spring.d" -MT"src/Pingpong_template_2019spring.d" -o "src/Pingpong_template_2019spring.o" "../src/Pingpong_template_2019spring.c"
'Finished building: ../src/Pingpong_template_2019spring.c'
' '
'Building target: lab7.elf'
'Invoking: ARM gcc linker'
arm-xilinx-eabi-gcc -Wl,-T -Wl,../src/lscript.ld -L../../lab7_bsp/ps7_cortexa9_0/lib -o "lab7.elf"  ./src/Pingpong_template_2019spring.o   -Wl,--start-group,-lxil,-lgcc,-lc,--end-group
'Finished building target: lab7.elf'
' '
'Invoking: ARM Print Size'
arm-xilinx-eabi-size lab7.elf  |tee "lab7.elf.size"
   text	   data	    bss	    dec	    hex	filename
  27332	   1224	  22660	  51216	   c810	lab7.elf
'Finished building: lab7.elf.size'
' '
16:50:13 **** Auto Build of configuration Debug for project lab7 ****
make all 
'Building file: ../src/Pingpong_template_2019spring.c'
'Invoking: ARM gcc compiler'
arm-xilinx-eabi-gcc -Wall -O0 -g3 -c -fmessage-length=0 -MT"src/Pingpong_template_2019spring.o" -I../../lab7_bsp/ps7_cortexa9_0/include -MMD -MP -MF"src/Pingpong_template_2019spring.d" -MT"src/Pingpong_template_2019spring.d" -o "src/Pingpong_template_2019spring.o" "../src/Pingpong_template_2019spring.c"
'Finished building: ../src/Pingpong_template_2019spring.c'
' '
'Building target: lab7.elf'
'Invoking: ARM gcc linker'
arm-xilinx-eabi-gcc -Wl,-T -Wl,../src/lscript.ld -L../../lab7_bsp/ps7_cortexa9_0/lib -o "lab7.elf"  ./src/Pingpong_template_2019spring.o   -Wl,--start-group,-lxil,-lgcc,-lc,--end-group
'Finished building target: lab7.elf'
' '
'Invoking: ARM Print Size'
arm-xilinx-eabi-size lab7.elf  |tee "lab7.elf.size"
   text	   data	    bss	    dec	    hex	filename
  27332	   1224	  22660	  51216	   c810	lab7.elf
'Finished building: lab7.elf.size'
' '
16:50:17 **** Incremental Build of configuration Debug for project lab6SoC ****
make all 
make: Nothing to be done for `all'.
16:50:17 **** Incremental Build of configuration Debug for project lab7 ****
make all 
make: Nothing to be done for `all'.
16:51:14 **** Auto Build of configuration Debug for project lab7 ****
make all 
'Building file: ../src/Pingpong_template_2019spring.c'
'Invoking: ARM gcc compiler'
arm-xilinx-eabi-gcc -Wall -O0 -g3 -c -fmessage-length=0 -MT"src/Pingpong_template_2019spring.o" -I../../lab7_bsp/ps7_cortexa9_0/include -MMD -MP -MF"src/Pingpong_template_2019spring.d" -MT"src/Pingpong_template_2019spring.d" -o "src/Pingpong_template_2019spring.o" "../src/Pingpong_template_2019spring.c"
'Finished building: ../src/Pingpong_template_2019spring.c'
' '
'Building target: lab7.elf'
'Invoking: ARM gcc linker'
arm-xilinx-eabi-gcc -Wl,-T -Wl,../src/lscript.ld -L../../lab7_bsp/ps7_cortexa9_0/lib -o "lab7.elf"  ./src/Pingpong_template_2019spring.o   -Wl,--start-group,-lxil,-lgcc,-lc,--end-group
'Finished building target: lab7.elf'
' '
'Invoking: ARM Print Size'
arm-xilinx-eabi-size lab7.elf  |tee "lab7.elf.size"
   text	   data	    bss	    dec	    hex	filename
  27332	   1224	  22660	  51216	   c810	lab7.elf
'Finished building: lab7.elf.size'
' '
16:51:18 **** Incremental Build of configuration Debug for project lab6SoC ****
make all 
make: Nothing to be done for `all'.
16:51:19 **** Incremental Build of configuration Debug for project lab7 ****
make all 
make: Nothing to be done for `all'.
16:52:11 **** Auto Build of configuration Debug for project lab7 ****
make all 
'Building file: ../src/Pingpong_template_2019spring.c'
'Invoking: ARM gcc compiler'
arm-xilinx-eabi-gcc -Wall -O0 -g3 -c -fmessage-length=0 -MT"src/Pingpong_template_2019spring.o" -I../../lab7_bsp/ps7_cortexa9_0/include -MMD -MP -MF"src/Pingpong_template_2019spring.d" -MT"src/Pingpong_template_2019spring.d" -o "src/Pingpong_template_2019spring.o" "../src/Pingpong_template_2019spring.c"
'Finished building: ../src/Pingpong_template_2019spring.c'
' '
'Building target: lab7.elf'
'Invoking: ARM gcc linker'
arm-xilinx-eabi-gcc -Wl,-T -Wl,../src/lscript.ld -L../../lab7_bsp/ps7_cortexa9_0/lib -o "lab7.elf"  ./src/Pingpong_template_2019spring.o   -Wl,--start-group,-lxil,-lgcc,-lc,--end-group
'Finished building target: lab7.elf'
' '
'Invoking: ARM Print Size'
arm-xilinx-eabi-size lab7.elf  |tee "lab7.elf.size"
   text	   data	    bss	    dec	    hex	filename
  27268	   1224	  22660	  51152	   c7d0	lab7.elf
'Finished building: lab7.elf.size'
' '
16:52:17 **** Auto Build of configuration Debug for project lab7 ****
make all 
'Building file: ../src/Pingpong_template_2019spring.c'
'Invoking: ARM gcc compiler'
arm-xilinx-eabi-gcc -Wall -O0 -g3 -c -fmessage-length=0 -MT"src/Pingpong_template_2019spring.o" -I../../lab7_bsp/ps7_cortexa9_0/include -MMD -MP -MF"src/Pingpong_template_2019spring.d" -MT"src/Pingpong_template_2019spring.d" -o "src/Pingpong_template_2019spring.o" "../src/Pingpong_template_2019spring.c"
'Finished building: ../src/Pingpong_template_2019spring.c'
' '
'Building target: lab7.elf'
'Invoking: ARM gcc linker'
arm-xilinx-eabi-gcc -Wl,-T -Wl,../src/lscript.ld -L../../lab7_bsp/ps7_cortexa9_0/lib -o "lab7.elf"  ./src/Pingpong_template_2019spring.o   -Wl,--start-group,-lxil,-lgcc,-lc,--end-group
'Finished building target: lab7.elf'
' '
'Invoking: ARM Print Size'
arm-xilinx-eabi-size lab7.elf  |tee "lab7.elf.size"
   text	   data	    bss	    dec	    hex	filename
  27268	   1224	  22660	  51152	   c7d0	lab7.elf
'Finished building: lab7.elf.size'
' '
16:52:23 **** Incremental Build of configuration Debug for project lab6SoC ****
make all 
make: Nothing to be done for `all'.
16:52:24 **** Incremental Build of configuration Debug for project lab7 ****
make all 
make: Nothing to be done for `all'.
17:02:06 **** Incremental Build of configuration Debug for project lab6SoC ****
make all 
make: Nothing to be done for `all'.
17:02:07 **** Incremental Build of configuration Debug for project lab7 ****
make all 
make: Nothing to be done for `all'.
17:02:24 **** Auto Build of configuration Debug for project lab7 ****
make all 
'Building file: ../src/Pingpong_template_2019spring.c'
'Invoking: ARM gcc compiler'
arm-xilinx-eabi-gcc -Wall -O0 -g3 -c -fmessage-length=0 -MT"src/Pingpong_template_2019spring.o" -I../../lab7_bsp/ps7_cortexa9_0/include -MMD -MP -MF"src/Pingpong_template_2019spring.d" -MT"src/Pingpong_template_2019spring.d" -o "src/Pingpong_template_2019spring.o" "../src/Pingpong_template_2019spring.c"
'Finished building: ../src/Pingpong_template_2019spring.c'
' '
'Building target: lab7.elf'
'Invoking: ARM gcc linker'
arm-xilinx-eabi-gcc -Wl,-T -Wl,../src/lscript.ld -L../../lab7_bsp/ps7_cortexa9_0/lib -o "lab7.elf"  ./src/Pingpong_template_2019spring.o   -Wl,--start-group,-lxil,-lgcc,-lc,--end-group
'Finished building target: lab7.elf'
' '
'Invoking: ARM Print Size'
arm-xilinx-eabi-size lab7.elf  |tee "lab7.elf.size"
   text	   data	    bss	    dec	    hex	filename
  27268	   1224	  22660	  51152	   c7d0	lab7.elf
'Finished building: lab7.elf.size'
' '
17:02:29 **** Incremental Build of configuration Debug for project lab6SoC ****
make all 
make: Nothing to be done for `all'.
17:02:30 **** Incremental Build of configuration Debug for project lab7 ****
make all 
make: Nothing to be done for `all'.
