#-----------------------------------------------------------
# Vivado v2015.2 (64-bit)
# SW Build 1266856 on Fri Jun 26 16:35:25 MDT 2015
# IP Build 1264090 on Wed Jun 24 14:22:01 MDT 2015
# Start of session at: Wed Jun 12 07:15:34 2019
# Process ID: 4972
# Log file: C:/Users/yizii/Desktop/SOC/lab8/vivado.log
# Journal file: C:/Users/yizii/Desktop/SOC/lab8\vivado.jou
#-----------------------------------------------------------
start_gui
open_project C:/Users/yizii/Desktop/SOC/lab8/lab8.xpr
save_project_as zynq_interrupts_exercise2D C:/Users/yizii/Desktop/SOC/zynq_interrupts_exercise2D -force
open_bd_design {C:/Users/yizii/Desktop/SOC/zynq_interrupts_exercise2D/zynq_interrupts_exercise2D.srcs/sources_1/bd/zynq_interrupt_system/zynq_interrupt_system.bd}
startgroup
create_bd_cell -type ip -vlnv xilinx.com:ip:axi_timer:2.0 axi_timer_0
endgroup
regenerate_bd_layout
apply_bd_automation -rule xilinx.com:bd_rule:axi4 -config {Master "/processing_system7_0/M_AXI_GP0" Clk "Auto" }  [get_bd_intf_pins axi_timer_0/S_AXI]
startgroup
create_bd_cell -type ip -vlnv xilinx.com:ip:xlconcat:2.1 xlconcat_0
endgroup
regenerate_bd_layout
delete_bd_objs [get_bd_nets axi_gpio_0_ip2intc_irpt]
set_property location {0.5 -183 499} [get_bd_cells xlconcat_0]
connect_bd_net [get_bd_pins xlconcat_0/dout] [get_bd_pins processing_system7_0/IRQ_F2P]
connect_bd_net [get_bd_pins xlconcat_0/In1] [get_bd_pins axi_gpio_0/ip2intc_irpt]
delete_bd_objs [get_bd_nets axi_gpio_0_ip2intc_irpt]
connect_bd_net [get_bd_pins xlconcat_0/In1] [get_bd_pins axi_timer_0/interrupt]
undo
connect_bd_net [get_bd_pins xlconcat_0/In0] [get_bd_pins axi_gpio_0/ip2intc_irpt]
delete_bd_objs [get_bd_nets axi_gpio_0_ip2intc_irpt]
connect_bd_net [get_bd_pins xlconcat_0/In0] [get_bd_pins axi_gpio_0/ip2intc_irpt]
connect_bd_net [get_bd_pins xlconcat_0/In1] [get_bd_pins axi_timer_0/interrupt]
make_wrapper -files [get_files C:/Users/yizii/Desktop/SOC/zynq_interrupts_exercise2D/zynq_interrupts_exercise2D.srcs/sources_1/bd/zynq_interrupt_system/zynq_interrupt_system.bd] -top
save_bd_design
reset_run synth_1
launch_runs impl_1 -to_step write_bitstream -jobs 2
wait_on_run impl_1
open_run impl_1
file copy -force C:/Users/yizii/Desktop/SOC/zynq_interrupts_exercise2D/zynq_interrupts_exercise2D.runs/impl_1/zynq_interrupt_system_wrapper.sysdef C:/Users/yizii/Desktop/SOC/zynq_interrupts_exercise2D/zynq_interrupts_exercise2D.sdk/zynq_interrupt_system_wrapper.hdf

launch_sdk -workspace C:/Users/yizii/Desktop/SOC/zynq_interrupts_exercise2D/zynq_interrupts_exercise2D.sdk -hwspec C:/Users/yizii/Desktop/SOC/zynq_interrupts_exercise2D/zynq_interrupts_exercise2D.sdk/zynq_interrupt_system_wrapper.hdf
open_bd_design {C:/Users/yizii/Desktop/SOC/zynq_interrupts_exercise2D/zynq_interrupts_exercise2D.srcs/sources_1/bd/zynq_interrupt_system/zynq_interrupt_system.bd}
regenerate_bd_layout
open_bd_design {C:/Users/yizii/Desktop/SOC/zynq_interrupts_exercise2D/zynq_interrupts_exercise2D.srcs/sources_1/bd/zynq_interrupt_system/zynq_interrupt_system.bd}
make_wrapper -files [get_files C:/Users/yizii/Desktop/SOC/zynq_interrupts_exercise2D/zynq_interrupts_exercise2D.srcs/sources_1/bd/zynq_interrupt_system/zynq_interrupt_system.bd] -top
open_bd_design {C:/Users/yizii/Desktop/SOC/zynq_interrupts_exercise2D/zynq_interrupts_exercise2D.srcs/sources_1/bd/zynq_interrupt_system/zynq_interrupt_system.bd}
save_bd_design
file copy -force C:/Users/yizii/Desktop/SOC/zynq_interrupts_exercise2D/zynq_interrupts_exercise2D.runs/impl_1/zynq_interrupt_system_wrapper.sysdef C:/Users/yizii/Desktop/SOC/zynq_interrupts_exercise2D/zynq_interrupts_exercise2D.sdk/zynq_interrupt_system_wrapper.hdf

reset_run impl_1 -prev_step 
launch_runs impl_1 -to_step write_bitstream -jobs 2
wait_on_run impl_1
launch_sdk -workspace C:/Users/yizii/Desktop/SOC/zynq_interrupts_exercise2D/zynq_interrupts_exercise2D.sdk -hwspec C:/Users/yizii/Desktop/SOC/zynq_interrupts_exercise2D/zynq_interrupts_exercise2D.sdk/zynq_interrupt_system_wrapper.hdf
